Component: Arm Compiler for Embedded 6.19 Tool: armlink [5e73cb00]

==============================================================================

Section Cross References

    main.o(.ARM.exidx.text.u8_to_str) refers to main.o(.text.u8_to_str) for [Anonymous Symbol]
    main.o(.text.main) refers to mcal.o(.text.M_Init) for M_Init
    main.o(.text.main) refers to queue.o(.text.xQueueGenericCreate) for xQueueGenericCreate
    main.o(.text.main) refers to main.o(.bss.xDriverUp) for xDriverUp
    main.o(.text.main) refers to queue.o(.text.xQueueGenericSend) for xQueueGenericSend
    main.o(.text.main) refers to main.o(.bss.xDriverDown) for xDriverDown
    main.o(.text.main) refers to main.o(.bss.xPassengerUp) for xPassengerUp
    main.o(.text.main) refers to main.o(.bss.xPassengerDown) for xPassengerDown
    main.o(.text.main) refers to main.o(.bss.xJamming) for xJamming
    main.o(.text.main) refers to main.o(.bss.xPassengerUpAuto) for xPassengerUpAuto
    main.o(.text.main) refers to main.o(.bss.xPassengerDownAuto) for xPassengerDownAuto
    main.o(.text.main) refers to main.o(.bss.xQueue) for xQueue
    main.o(.text.main) refers to queue.o(.text.xQueueSemaphoreTake) for xQueueSemaphoreTake
    main.o(.text.main) refers to main.o(.bss.xControlTaskHandle) for xControlTaskHandle
    main.o(.text.main) refers to main.o(.text.vControlTask) for vControlTask
    main.o(.text.main) refers to main.o(.rodata.str1.1) for .L.str
    main.o(.text.main) refers to tasks.o(.text.xTaskCreate) for xTaskCreate
    main.o(.text.main) refers to main.o(.bss.xDriverUpHandle) for xDriverUpHandle
    main.o(.text.main) refers to main.o(.text.vDriverUp) for vDriverUp
    main.o(.text.main) refers to main.o(.text.vDriverDown) for vDriverDown
    main.o(.text.main) refers to main.o(.bss.xPassengerUpHandle) for xPassengerUpHandle
    main.o(.text.main) refers to main.o(.text.vPassengerUp) for vPassengerUp
    main.o(.text.main) refers to main.o(.text.vPassengerDown) for vPassengerDown
    main.o(.text.main) refers to main.o(.text.vJamming) for vJamming
    main.o(.text.main) refers to main.o(.text.vLCD) for vLCD
    main.o(.text.main) refers to tasks.o(.text.vTaskStartScheduler) for vTaskStartScheduler
    main.o(.ARM.exidx.text.main) refers to main.o(.text.main) for [Anonymous Symbol]
    main.o(.text.vControlTask) refers to lcd_i2c.o(.text.LCD_Init) for LCD_Init
    main.o(.text.vControlTask) refers to main.o(.rodata.str1.1) for .L.str.7
    main.o(.text.vControlTask) refers to lcd_i2c.o(.text.LCD_Print) for LCD_Print
    main.o(.text.vControlTask) refers to tasks.o(.text.xTaskGenericNotifyWait) for xTaskGenericNotifyWait
    main.o(.text.vControlTask) refers to main.o(.bss.xJamming) for xJamming
    main.o(.text.vControlTask) refers to queue.o(.text.xQueueGenericSend) for xQueueGenericSend
    main.o(.text.vControlTask) refers to main.o(.bss.xDriverUp) for xDriverUp
    main.o(.text.vControlTask) refers to main.o(.bss.xDriverDown) for xDriverDown
    main.o(.text.vControlTask) refers to main.o(.bss.xPassengerUp) for xPassengerUp
    main.o(.text.vControlTask) refers to main.o(.bss.xPassengerDown) for xPassengerDown
    main.o(.text.vControlTask) refers to mcal.o(.text.M_MotorControl) for M_MotorControl
    main.o(.text.vControlTask) refers to main.o(.bss.control) for control
    main.o(.text.vControlTask) refers to main.o(.bss.xQueue) for xQueue
    main.o(.ARM.exidx.text.vControlTask) refers to main.o(.text.vControlTask) for [Anonymous Symbol]
    main.o(.text.vDriverUp) refers to tasks.o(.text.xTaskGetTickCount) for xTaskGetTickCount
    main.o(.text.vDriverUp) refers to main.o(.bss.xDriverUp) for xDriverUp
    main.o(.text.vDriverUp) refers to queue.o(.text.xQueueSemaphoreTake) for xQueueSemaphoreTake
    main.o(.text.vDriverUp) refers to main.o(.bss.control) for control
    main.o(.text.vDriverUp) refers to mcal.o(.text.M_MotorControl) for M_MotorControl
    main.o(.text.vDriverUp) refers to tasks.o(.text.xTaskDelayUntil) for xTaskDelayUntil
    main.o(.text.vDriverUp) refers to mcal.o(.text.M_Read) for M_Read
    main.o(.text.vDriverUp) refers to main.o(.bss.xQueue) for xQueue
    main.o(.text.vDriverUp) refers to queue.o(.text.xQueueGenericSend) for xQueueGenericSend
    main.o(.text.vDriverUp) refers to main.o(.bss.motor_revs) for motor_revs
    main.o(.ARM.exidx.text.vDriverUp) refers to main.o(.text.vDriverUp) for [Anonymous Symbol]
    main.o(.text.vDriverDown) refers to tasks.o(.text.xTaskGetTickCount) for xTaskGetTickCount
    main.o(.text.vDriverDown) refers to main.o(.bss.xDriverDown) for xDriverDown
    main.o(.text.vDriverDown) refers to queue.o(.text.xQueueSemaphoreTake) for xQueueSemaphoreTake
    main.o(.text.vDriverDown) refers to main.o(.bss.control) for control
    main.o(.text.vDriverDown) refers to mcal.o(.text.M_MotorControl) for M_MotorControl
    main.o(.text.vDriverDown) refers to tasks.o(.text.xTaskDelayUntil) for xTaskDelayUntil
    main.o(.text.vDriverDown) refers to mcal.o(.text.M_Read) for M_Read
[...]
    [Anonymous Symbol]                       0x000064f4   Section        0  tasks.o(.text.xTaskGetSchedulerState)
    [Anonymous Symbol]                       0x0000652c   Section        0  tasks.o(.text.xTaskGetTickCount)
    [Anonymous Symbol]                       0x00006540   Section        0  tasks.o(.text.xTaskGetTickCountFromISR)
    [Anonymous Symbol]                       0x00006558   Section        0  tasks.o(.text.xTaskIncrementTick)
    [Anonymous Symbol]                       0x000067b8   Section        0  tasks.o(.text.xTaskPriorityDisinherit)
    [Anonymous Symbol]                       0x000068ac   Section        0  tasks.o(.text.xTaskPriorityInherit)
    [Anonymous Symbol]                       0x00006a08   Section        0  tasks.o(.text.xTaskRemoveFromEventList)
    [Anonymous Symbol]                       0x00006b9c   Section        0  tasks.o(.text.xTaskResumeAll)
    [Anonymous Symbol]                       0x00006dd0   Section        0  timers.o(.text.xTimerCreateTimerTask)
    $v0                                      0x00006e48   Number         0  dfix.o(x$fpl$dfix)
    x$fpl$dfix                               0x00006e48   Section       94  dfix.o(x$fpl$dfix)
    $v0                                      0x00006ea8   Number         0  dmul.o(x$fpl$dmul)
    x$fpl$dmul                               0x00006ea8   Section      340  dmul.o(x$fpl$dmul)
    $v0                                      0x00006ffc   Number         0  dnaninf.o(x$fpl$dnaninf)
    x$fpl$dnaninf                            0x00006ffc   Section      156  dnaninf.o(x$fpl$dnaninf)
    $v0                                      0x00007098   Number         0  dretinf.o(x$fpl$dretinf)
    x$fpl$dretinf                            0x00007098   Section       12  dretinf.o(x$fpl$dretinf)
    $v0                                      0x000070a4   Number         0  f2d.o(x$fpl$f2d)
    x$fpl$f2d                                0x000070a4   Section       86  f2d.o(x$fpl$f2d)
    $v0                                      0x000070fa   Number         0  fnaninf.o(x$fpl$fnaninf)
    x$fpl$fnaninf                            0x000070fa   Section      140  fnaninf.o(x$fpl$fnaninf)
    $v0                                      0x00007186   Number         0  fpinit.o(x$fpl$fpinit)
    x$fpl$fpinit                             0x00007186   Section       26  fpinit.o(x$fpl$fpinit)
    .L.str.8                                 0x000071a0   Data          11  main.o(.rodata.str1.1)
    [Anonymous Symbol]                       0x000071a0   Section        0  main.o(.rodata.str1.1)
    x$fpl$usenofp                            0x000071a0   Section        0  usenofp.o(x$fpl$usenofp)
    .L.str.9                                 0x000071ab   Data           3  main.o(.rodata.str1.1)
    .L.str.5                                 0x000071ae   Data           8  main.o(.rodata.str1.1)
    .L.str.6                                 0x000071b6   Data           9  main.o(.rodata.str1.1)
    .L.str                                   0x000071bf   Data          13  main.o(.rodata.str1.1)
    .L.str.7                                 0x000071cc   Data          15  main.o(.rodata.str1.1)
    .L.str.4                                 0x000071db   Data          15  main.o(.rodata.str1.1)
    .L.str.12                                0x000071ea   Data          12  main.o(.rodata.str1.1)
    .L.str.3                                 0x000071f6   Data          13  main.o(.rodata.str1.1)
    .L.str.15                                0x00007203   Data          12  main.o(.rodata.str1.1)
    .L.str.11                                0x0000720f   Data          10  main.o(.rodata.str1.1)
    .L.str.2                                 0x00007219   Data          17  main.o(.rodata.str1.1)
    .L.str.14                                0x0000722a   Data          16  main.o(.rodata.str1.1)
    .L.str.1                                 0x0000723a   Data          15  main.o(.rodata.str1.1)
    .L.str.13                                0x00007249   Data          14  main.o(.rodata.str1.1)
    .L.str.10                                0x00007257   Data          16  main.o(.rodata.str1.1)
    .L.str.1                                 0x00007267   Data           7  gpio.o(.rodata.str1.1)
    [Anonymous Symbol]                       0x00007267   Section        0  gpio.o(.rodata.str1.1)
    .L.str                                   0x0000726e   Data           6  gpio.o(.rodata.str1.1)
    .L.str                                   0x00007274   Data           5  tasks.o(.rodata.str1.1)
    [Anonymous Symbol]                       0x00007274   Section        0  tasks.o(.rodata.str1.1)
    .L.str                                   0x00007279   Data           8  timers.o(.rodata.str1.1)
    [Anonymous Symbol]                       0x00007279   Section        0  timers.o(.rodata.str1.1)
    uxTopUsedPriority                        0x00007284   Data           4  tasks.o(.rodata.uxTopUsedPriority)
    [Anonymous Symbol]                       0x00007284   Section        0  tasks.o(.rodata.uxTopUsedPriority)
    uxCriticalNesting                        0x20000004   Data           4  port.o(.data.uxCriticalNesting)
    [Anonymous Symbol]                       0x20000004   Section        0  port.o(.data.uxCriticalNesting)
    .bss                                     0x20000008   Section       96  libspace.o(.bss)
    GPIOC_Handler.last_interrupt_time        0x20000068   Data           4  main.o(.bss.GPIOC_Handler.last_interrupt_time)
    [Anonymous Symbol]                       0x20000068   Section        0  main.o(.bss.GPIOC_Handler.last_interrupt_time)
    clib_mutex_cb                            0x20000070   Data         400  clib_os.o(.bss.clib_mutex_cb)
    [Anonymous Symbol]                       0x20000070   Section        0  clib_os.o(.bss.clib_mutex_cb)
    clib_mutex_id                            0x20000200   Data          20  clib_os.o(.bss.clib_mutex_id)
    [Anonymous Symbol]                       0x20000200   Section        0  clib_os.o(.bss.clib_mutex_id)
    prvCheckForValidListAndQueue.ucStaticTimerQueueStorage 0x2000021d   Data          80  timers.o(.bss.prvCheckForValidListAndQueue.ucStaticTimerQueueStorage)
    [Anonymous Symbol]                       0x2000021d   Section        0  timers.o(.bss.prvCheckForValidListAndQueue.ucStaticTimerQueueStorage)
    prvCheckForValidListAndQueue.xStaticTimerQueue 0x20000270   Data          80  timers.o(.bss.prvCheckForValidListAndQueue.xStaticTimerQueue)
    [Anonymous Symbol]                       0x20000270   Section        0  timers.o(.bss.prvCheckForValidListAndQueue.xStaticTimerQueue)
    prvSampleTimeNow.xLastTime               0x200002c0   Data           4  timers.o(.bss.prvSampleTimeNow.xLastTime)
    [Anonymous Symbol]                       0x200002c0   Section        0  timers.o(.bss.prvSampleTimeNow.xLastTime)
    __tagsym$$used.1                         0x200002c4   Number         0  tasks.o(.bss.pxCurrentTCB)
    pxCurrentTimerList                       0x200002c8   Data           4  timers.o(.bss.pxCurrentTimerList)
    [Anonymous Symbol]                       0x200002c8   Section        0  timers.o(.bss.pxCurrentTimerList)
    pxDelayedTaskList                        0x200002cc   Data           4  tasks.o(.bss.pxDelayedTaskList)
    [Anonymous Symbol]                       0x200002cc   Section        0  tasks.o(.bss.pxDelayedTaskList)
    pxEnd                                    0x200002d0   Data           4  heap_4.o(.bss.pxEnd)
    [Anonymous Symbol]                       0x200002d0   Section        0  heap_4.o(.bss.pxEnd)
    pxOverflowDelayedTaskList                0x200002d4   Data           4  tasks.o(.bss.pxOverflowDelayedTaskList)
    [Anonymous Symbol]                       0x200002d4   Section        0  tasks.o(.bss.pxOverflowDelayedTaskList)
    pxOverflowTimerList                      0x200002d8   Data           4  timers.o(.bss.pxOverflowTimerList)
    [Anonymous Symbol]                       0x200002d8   Section        0  timers.o(.bss.pxOverflowTimerList)
    pxReadyTasksLists                        0x200002dc   Data        1120  tasks.o(.bss.pxReadyTasksLists)
    [Anonymous Symbol]                       0x200002dc   Section        0  tasks.o(.bss.pxReadyTasksLists)
    ucHeap                                   0x2000073c   Data        8192  heap_4.o(.bss.ucHeap)
    [Anonymous Symbol]                       0x2000073c   Section        0  heap_4.o(.bss.ucHeap)
    uxCurrentNumberOfTasks                   0x2000273c   Data           4  tasks.o(.bss.uxCurrentNumberOfTasks)
    [Anonymous Symbol]                       0x2000273c   Section        0  tasks.o(.bss.uxCurrentNumberOfTasks)
    uxDeletedTasksWaitingCleanUp             0x20002740   Data           4  tasks.o(.bss.uxDeletedTasksWaitingCleanUp)
    [Anonymous Symbol]                       0x20002740   Section        0  tasks.o(.bss.uxDeletedTasksWaitingCleanUp)
    uxSchedulerSuspended                     0x20002744   Data           4  tasks.o(.bss.uxSchedulerSuspended)
    [Anonymous Symbol]                       0x20002744   Section        0  tasks.o(.bss.uxSchedulerSuspended)
    uxTaskNumber                             0x20002748   Data           4  tasks.o(.bss.uxTaskNumber)
    [Anonymous Symbol]                       0x20002748   Section        0  tasks.o(.bss.uxTaskNumber)
    uxTopReadyPriority                       0x2000274c   Data           4  tasks.o(.bss.uxTopReadyPriority)
    [Anonymous Symbol]                       0x2000274c   Section        0  tasks.o(.bss.uxTopReadyPriority)
    vApplicationGetIdleTaskMemory.uxIdleTaskStack 0x20002750   Data         512  tasks.o(.bss.vApplicationGetIdleTaskMemory.uxIdleTaskStack)
    [Anonymous Symbol]                       0x20002750   Section        0  tasks.o(.bss.vApplicationGetIdleTaskMemory.uxIdleTaskStack)
    vApplicationGetIdleTaskMemory.xIdleTaskTCB 0x20002950   Data          92  tasks.o(.bss.vApplicationGetIdleTaskMemory.xIdleTaskTCB)
    [Anonymous Symbol]                       0x20002950   Section        0  tasks.o(.bss.vApplicationGetIdleTaskMemory.xIdleTaskTCB)
    vApplicationGetTimerTaskMemory.uxTimerTaskStack 0x200029ac   Data         320  tasks.o(.bss.vApplicationGetTimerTaskMemory.uxTimerTaskStack)
    [Anonymous Symbol]                       0x200029ac   Section        0  tasks.o(.bss.vApplicationGetTimerTaskMemory.uxTimerTaskStack)
    vApplicationGetTimerTaskMemory.xTimerTaskTCB 0x20002aec   Data          92  tasks.o(.bss.vApplicationGetTimerTaskMemory.xTimerTaskTCB)
    [Anonymous Symbol]                       0x20002aec   Section        0  tasks.o(.bss.vApplicationGetTimerTaskMemory.xTimerTaskTCB)
    xActiveTimerList1                        0x20002b48   Data          20  timers.o(.bss.xActiveTimerList1)
    [Anonymous Symbol]                       0x20002b48   Section        0  timers.o(.bss.xActiveTimerList1)
    xActiveTimerList2                        0x20002b5c   Data          20  timers.o(.bss.xActiveTimerList2)
    [Anonymous Symbol]                       0x20002b5c   Section        0  timers.o(.bss.xActiveTimerList2)
    xDelayedTaskList1                        0x20002b74   Data          20  tasks.o(.bss.xDelayedTaskList1)
    [Anonymous Symbol]                       0x20002b74   Section        0  tasks.o(.bss.xDelayedTaskList1)
    xDelayedTaskList2                        0x20002b88   Data          20  tasks.o(.bss.xDelayedTaskList2)
    [Anonymous Symbol]                       0x20002b88   Section        0  tasks.o(.bss.xDelayedTaskList2)
    xFreeBytesRemaining                      0x20002ba8   Data           4  heap_4.o(.bss.xFreeBytesRemaining)
    [Anonymous Symbol]                       0x20002ba8   Section        0  heap_4.o(.bss.xFreeBytesRemaining)
    xIdleTaskHandles                         0x20002bac   Data           4  tasks.o(.bss.xIdleTaskHandles)
    [Anonymous Symbol]                       0x20002bac   Section        0  tasks.o(.bss.xIdleTaskHandles)
    xMinimumEverFreeBytesRemaining           0x20002bb4   Data           4  heap_4.o(.bss.xMinimumEverFreeBytesRemaining)
    [Anonymous Symbol]                       0x20002bb4   Section        0  heap_4.o(.bss.xMinimumEverFreeBytesRemaining)
    xNextTaskUnblockTime                     0x20002bb8   Data           4  tasks.o(.bss.xNextTaskUnblockTime)
    [Anonymous Symbol]                       0x20002bb8   Section        0  tasks.o(.bss.xNextTaskUnblockTime)
    xNumOfOverflows                          0x20002bbc   Data           4  tasks.o(.bss.xNumOfOverflows)
    [Anonymous Symbol]                       0x20002bbc   Section        0  tasks.o(.bss.xNumOfOverflows)
    xNumberOfSuccessfulAllocations           0x20002bc0   Data           4  heap_4.o(.bss.xNumberOfSuccessfulAllocations)
    [Anonymous Symbol]                       0x20002bc0   Section        0  heap_4.o(.bss.xNumberOfSuccessfulAllocations)
    xNumberOfSuccessfulFrees                 0x20002bc4   Data           4  heap_4.o(.bss.xNumberOfSuccessfulFrees)
    [Anonymous Symbol]                       0x20002bc4   Section        0  heap_4.o(.bss.xNumberOfSuccessfulFrees)
    xPendedTicks                             0x20002bdc   Data           4  tasks.o(.bss.xPendedTicks)
    [Anonymous Symbol]                       0x20002bdc   Section        0  tasks.o(.bss.xPendedTicks)
    xPendingReadyList                        0x20002be0   Data          20  tasks.o(.bss.xPendingReadyList)
    [Anonymous Symbol]                       0x20002be0   Section        0  tasks.o(.bss.xPendingReadyList)
    xSchedulerRunning                        0x20002bf8   Data           4  tasks.o(.bss.xSchedulerRunning)
    [Anonymous Symbol]                       0x20002bf8   Section        0  tasks.o(.bss.xSchedulerRunning)
    xStart                                   0x20002bfc   Data           8  heap_4.o(.bss.xStart)
    [Anonymous Symbol]                       0x20002bfc   Section        0  heap_4.o(.bss.xStart)
    xSuspendedTaskList                       0x20002c04   Data          20  tasks.o(.bss.xSuspendedTaskList)
    [Anonymous Symbol]                       0x20002c04   Section        0  tasks.o(.bss.xSuspendedTaskList)
    xTasksWaitingTermination                 0x20002c18   Data          20  tasks.o(.bss.xTasksWaitingTermination)
    [Anonymous Symbol]                       0x20002c18   Section        0  tasks.o(.bss.xTasksWaitingTermination)
    xTickCount                               0x20002c2c   Data           4  tasks.o(.bss.xTickCount)
    [Anonymous Symbol]                       0x20002c2c   Section        0  tasks.o(.bss.xTickCount)
    xTimerQueue                              0x20002c30   Data           4  timers.o(.bss.xTimerQueue)
    [Anonymous Symbol]                       0x20002c30   Section        0  timers.o(.bss.xTimerQueue)
    xTimerTaskHandle                         0x20002c34   Data           4  timers.o(.bss.xTimerTaskHandle)
    [Anonymous Symbol]                       0x20002c34   Section        0  timers.o(.bss.xTimerTaskHandle)
    xYieldPendings                           0x20002c38   Data           4  tasks.o(.bss.xYieldPendings)
    [Anonymous Symbol]                       0x20002c38   Section        0  tasks.o(.bss.xYieldPendings)
    Heap_Mem                                 0x20002c40   Data           0  startup_tm4c123.o(HEAP)
    Stack_Mem                                0x20002c40   Data         512  startup_tm4c123.o(STACK)
    HEAP                                     0x20002c40   Section        0  startup_tm4c123.o(HEAP)
    STACK                                    0x20002c40   Section      512  startup_tm4c123.o(STACK)
    __initial_sp                             0x20002e40   Data           0  startup_tm4c123.o(STACK)

    Global Symbols

    Symbol Name                              Value     Ov Type        Size  Object(Section)

    BuildAttributes$$THM_ISAv4$E$P$D$K$B$S$7EM$VFPi3$EXTD16$VFPS$VFMA$PE$A:L22UL41UL21$X:L11$S22US41US21$IEEE1$IW$~IW$USESV6$~STKCKD$USESV7$~SHL$OTIME$ROPI$IEEEJ$EBA8$UX$STANDARDLIB$REQ8$PRES8$EABIv2 0x00000000   Number         0  anon$$obj.o ABSOLUTE
    __Vectors                                0x00000000   Data           4  startup_tm4c123.o(RESET)
    _printf_flags                            0x00000000   Number         0  printf_stubs.o ABSOLUTE
    _printf_return_value                     0x00000000   Number         0  printf_stubs.o ABSOLUTE
    _printf_sizespec                         0x00000000   Number         0  printf_stubs.o ABSOLUTE
    _printf_widthprec                        0x00000000   Number         0  printf_stubs.o ABSOLUTE
    __ARM_exceptions_init                     - Undefined Weak Reference
    __alloca_initialize                       - Undefined Weak Reference
    __arm_preinit_                            - Undefined Weak Reference
    __arm_relocate_pie_                       - Undefined Weak Reference
    __cpp_initialize__aeabi_                  - Undefined Weak Reference
    __cxa_finalize                            - Undefined Weak Reference
    __sigvec_lookup                           - Undefined Weak Reference
    _atexit_init                              - Undefined Weak Reference
    _call_atexit_fns                          - Undefined Weak Reference
    _clock_init                               - Undefined Weak Reference
    _fp_trap_init                             - Undefined Weak Reference
    _fp_trap_shutdown                         - Undefined Weak Reference
    _get_lc_collate                           - Undefined Weak Reference
    _get_lc_monetary                          - Undefined Weak Reference
    _get_lc_time                              - Undefined Weak Reference
    _getenv_init                              - Undefined Weak Reference
    _handle_redirection                       - Undefined Weak Reference
    _init_alloc                               - Undefined Weak Reference
    _init_user_alloc                          - Undefined Weak Reference
    _initio                                   - Undefined Weak Reference
    _printf_mbtowc                            - Undefined Weak Reference
    _printf_wc                                - Undefined Weak Reference
    _rand_init                                - Undefined Weak Reference
    _signal_finish                            - Undefined Weak Reference
    _signal_init                              - Undefined Weak Reference
    _terminate_alloc                          - Undefined Weak Reference
    _terminate_user_alloc                     - Undefined Weak Reference
    _terminateio                              - Undefined Weak Reference
    __Vectors_End                            0x0000026c   Data           0  startup_tm4c123.o(RESET)
    __Vectors_Size                           0x0000026c   Number         0  startup_tm4c123.o ABSOLUTE
    __main                                   0x0000026d   Thumb Code     8  __main.o(!!!main)
    __scatterload                            0x00000275   Thumb Code     0  __scatter.o(!!!scatter)
    __scatterload_rt2                        0x00000275   Thumb Code    44  __scatter.o(!!!scatter)
    __scatterload_rt2_thumb_only             0x00000275   Thumb Code     0  __scatter.o(!!!scatter)
    __scatterload_null                       0x00000283   Thumb Code     0  __scatter.o(!!!scatter)
    __scatterload_copy                       0x000002a9   Thumb Code    26  __scatter_copy.o(!!handler_copy)
    __scatterload_zeroinit                   0x000002c5   Thumb Code    28  __scatter_zi.o(!!handler_zi)
    __rt_lib_init                            0x000002e1   Thumb Code     0  libinit.o(.ARM.Collect$$libinit$$00000000)
    __rt_lib_init_fp_1                       0x000002e3   Thumb Code     0  libinit2.o(.ARM.Collect$$libinit$$00000001)
    __rt_lib_init_alloca_1                   0x000002e7   Thumb Code     0  libinit2.o(.ARM.Collect$$libinit$$00000030)
    __rt_lib_init_argv_1                     0x000002e7   Thumb Code     0  libinit2.o(.ARM.Collect$$libinit$$0000002E)
    __rt_lib_init_atexit_1                   0x000002e7   Thumb Code     0  libinit2.o(.ARM.Collect$$libinit$$0000001D)
    __rt_lib_init_clock_1                    0x000002e7   Thumb Code     0  libinit2.o(.ARM.Collect$$libinit$$00000023)
    __rt_lib_init_cpp_1                      0x000002e7   Thumb Code     0  libinit2.o(.ARM.Collect$$libinit$$00000034)
    __rt_lib_init_exceptions_1               0x000002e7   Thumb Code     0  libinit2.o(.ARM.Collect$$libinit$$00000032)
    __rt_lib_init_fp_trap_1                  0x000002e7   Thumb Code     0  libinit2.o(.ARM.Collect$$libinit$$00000021)
    __rt_lib_init_getenv_1                   0x000002e7   Thumb Code     0  libinit2.o(.ARM.Collect$$libinit$$00000025)
    __rt_lib_init_heap_1                     0x000002e7   Thumb Code     0  libinit2.o(.ARM.Collect$$libinit$$0000000C)
    __rt_lib_init_lc_collate_1               0x000002e7   Thumb Code     0  libinit2.o(.ARM.Collect$$libinit$$00000013)
    __rt_lib_init_lc_ctype_1                 0x000002e7   Thumb Code     0  libinit2.o(.ARM.Collect$$libinit$$00000015)
    __rt_lib_init_lc_monetary_1              0x000002e7   Thumb Code     0  libinit2.o(.ARM.Collect$$libinit$$00000017)
    __rt_lib_init_lc_numeric_1               0x000002e7   Thumb Code     0  libinit2.o(.ARM.Collect$$libinit$$00000019)
    __rt_lib_init_lc_time_1                  0x000002e7   Thumb Code     0  libinit2.o(.ARM.Collect$$libinit$$0000001B)
    __rt_lib_init_preinit_1                  0x000002e7   Thumb Code     0  libinit2.o(.ARM.Collect$$libinit$$00000006)
    __rt_lib_init_rand_1                     0x000002e7   Thumb Code     0  libinit2.o(.ARM.Collect$$libinit$$00000010)
    __rt_lib_init_relocate_pie_1             0x000002e7   Thumb Code     0  libinit2.o(.ARM.Collect$$libinit$$00000004)
    __rt_lib_init_return                     0x000002e7   Thumb Code     0  libinit2.o(.ARM.Collect$$libinit$$00000035)
    __rt_lib_init_signal_1                   0x000002e7   Thumb Code     0  libinit2.o(.ARM.Collect$$libinit$$0000001F)
    __rt_lib_init_stdio_1                    0x000002e7   Thumb Code     0  libinit2.o(.ARM.Collect$$libinit$$00000027)
    __rt_lib_init_user_alloc_1               0x000002e7   Thumb Code     0  libinit2.o(.ARM.Collect$$libinit$$0000000E)
    __rt_lib_shutdown                        0x000002e9   Thumb Code     0  libshutdown.o(.ARM.Collect$$libshutdown$$00000000)
    __rt_lib_shutdown_cpp_1                  0x000002eb   Thumb Code     0  libshutdown2.o(.ARM.Collect$$libshutdown$$00000002)
    __rt_lib_shutdown_fp_trap_1              0x000002eb   Thumb Code     0  libshutdown2.o(.ARM.Collect$$libshutdown$$00000007)
    __rt_lib_shutdown_heap_1                 0x000002eb   Thumb Code     0  libshutdown2.o(.ARM.Collect$$libshutdown$$0000000F)
    __rt_lib_shutdown_return                 0x000002eb   Thumb Code     0  libshutdown2.o(.ARM.Collect$$libshutdown$$00000010)
    __rt_lib_shutdown_signal_1               0x000002eb   Thumb Code     0  libshutdown2.o(.ARM.Collect$$libshutdown$$0000000A)
    __rt_lib_shutdown_stdio_1                0x000002eb   Thumb Code     0  libshutdown2.o(.ARM.Collect$$libshutdown$$00000004)
    __rt_lib_shutdown_user_alloc_1           0x000002eb   Thumb Code     0  libshutdown2.o(.ARM.Collect$$libshutdown$$0000000C)
    __rt_entry                               0x000002ed   Thumb Code     0  __rtentry.o(.ARM.Collect$$rtentry$$00000000)
    __rt_entry_presh_1                       0x000002ed   Thumb Code     0  __rtentry2.o(.ARM.Collect$$rtentry$$00000002)
    __rt_entry_sh                            0x000002ed   Thumb Code     0  __rtentry4.o(.ARM.Collect$$rtentry$$00000004)
    __rt_entry_postsh_1                      0x000002f3   Thumb Code     0  __rtentry2.o(.ARM.Collect$$rtentry$$00000008)
    __rt_entry_li                            0x000002fb   Thumb Code     0  __rtentry2.o(.ARM.Collect$$rtentry$$0000000A)
    __rt_entry_main                          0x000002ff   Thumb Code     0  __rtentry2.o(.ARM.Collect$$rtentry$$0000000D)
    __rt_entry_postli_1                      0x000002ff   Thumb Code     0  __rtentry2.o(.ARM.Collect$$rtentry$$0000000C)
    __rt_exit                                0x00000307   Thumb Code     0  rtexit.o(.ARM.Collect$$rtexit$$00000000)
    __rt_exit_ls                             0x00000309   Thumb Code     0  rtexit2.o(.ARM.Collect$$rtexit$$00000003)
    __rt_exit_prels_1                        0x00000309   Thumb Code     0  rtexit2.o(.ARM.Collect$$rtexit$$00000002)
    __rt_exit_exit                           0x0000030d   Thumb Code     0  rtexit2.o(.ARM.Collect$$rtexit$$00000004)
    Reset_Handler                            0x00000315   Thumb Code     8  startup_tm4c123.o(.text)
    NMI_Handler                              0x0000031d   Thumb Code     2  startup_tm4c123.o(.text)
    HardFault_Handler                        0x0000031f   Thumb Code     2  startup_tm4c123.o(.text)
    MemManage_Handler                        0x00000321   Thumb Code     2  startup_tm4c123.o(.text)
    BusFault_Handler                         0x00000323   Thumb Code     2  startup_tm4c123.o(.text)
    UsageFault_Handler                       0x00000325   Thumb Code     2  startup_tm4c123.o(.text)
    DebugMon_Handler                         0x00000329   Thumb Code     2  startup_tm4c123.o(.text)
    GPIOB_Handler                            0x00000331   Thumb Code     2  startup_tm4c123.o(.text)
    GPIOE_Handler                            0x00000337   Thumb Code     2  startup_tm4c123.o(.text)
    UART0_Handler                            0x00000339   Thumb Code     2  startup_tm4c123.o(.text)
    UART1_Handler                            0x0000033b   Thumb Code     2  startup_tm4c123.o(.text)
    SSI0_Handler                             0x0000033d   Thumb Code     2  startup_tm4c123.o(.text)
    I2C0_Handler                             0x0000033f   Thumb Code     2  startup_tm4c123.o(.text)
    PMW0_FAULT_Handler                       0x00000341   Thumb Code     2  startup_tm4c123.o(.text)
    PWM0_0_Handler                           0x00000343   Thumb Code     2  startup_tm4c123.o(.text)
    PWM0_1_Handler                           0x00000345   Thumb Code     2  startup_tm4c123.o(.text)
    PWM0_2_Handler                           0x00000347   Thumb Code     2  startup_tm4c123.o(.text)
    QEI0_Handler                             0x00000349   Thumb Code     2  startup_tm4c123.o(.text)
    ADC0SS0_Handler                          0x0000034b   Thumb Code     2  startup_tm4c123.o(.text)
    ADC0SS1_Handler                          0x0000034d   Thumb Code     2  startup_tm4c123.o(.text)
    ADC0SS2_Handler                          0x0000034f   Thumb Code     2  startup_tm4c123.o(.text)
    ADC0SS3_Handler                          0x00000351   Thumb Code     2  startup_tm4c123.o(.text)
    WDT0_Handler                             0x00000353   Thumb Code     2  startup_tm4c123.o(.text)
    TIMER0A_Handler                          0x00000355   Thumb Code     2  startup_tm4c123.o(.text)
    TIMER0B_Handler                          0x00000357   Thumb Code     2  startup_tm4c123.o(.text)
    TIMER1A_Handler                          0x00000359   Thumb Code     2  startup_tm4c123.o(.text)
    TIMER1B_Handler                          0x0000035b   Thumb Code     2  startup_tm4c123.o(.text)
    TIMER2A_Handler                          0x0000035d   Thumb Code     2  startup_tm4c123.o(.text)
    TIMER2B_Handler                          0x0000035f   Thumb Code     2  startup_tm4c123.o(.text)
    COMP0_Handler                            0x00000361   Thumb Code     2  startup_tm4c123.o(.text)
    COMP1_Handler                            0x00000363   Thumb Code     2  startup_tm4c123.o(.text)
    COMP2_Handler                            0x00000365   Thumb Code     2  startup_tm4c123.o(.text)
    SYSCTL_Handler                           0x00000367   Thumb Code     2  startup_tm4c123.o(.text)
    FLASH_Handler                            0x00000369   Thumb Code     2  startup_tm4c123.o(.text)
    GPIOG_Handler                            0x0000036d   Thumb Code     2  startup_tm4c123.o(.text)
    GPIOH_Handler                            0x0000036f   Thumb Code     2  startup_tm4c123.o(.text)
    UART2_Handler                            0x00000371   Thumb Code     2  startup_tm4c123.o(.text)
    SSI1_Handler                             0x00000373   Thumb Code     2  startup_tm4c123.o(.text)
    TIMER3A_Handler                          0x00000375   Thumb Code     2  startup_tm4c123.o(.text)
    TIMER3B_Handler                          0x00000377   Thumb Code     2  startup_tm4c123.o(.text)
    I2C1_Handler                             0x00000379   Thumb Code     2  startup_tm4c123.o(.text)
    QEI1_Handler                             0x0000037b   Thumb Code     2  startup_tm4c123.o(.text)
    CAN0_Handler                             0x0000037d   Thumb Code     2  startup_tm4c123.o(.text)
    CAN1_Handler                             0x0000037f   Thumb Code     2  startup_tm4c123.o(.text)
    CAN2_Handler                             0x00000381   Thumb Code     2  startup_tm4c123.o(.text)
    HIB_Handler                              0x00000383   Thumb Code     2  startup_tm4c123.o(.text)
    USB0_Handler                             0x00000385   Thumb Code     2  startup_tm4c123.o(.text)
    PWM0_3_Handler                           0x00000387   Thumb Code     2  startup_tm4c123.o(.text)
    UDMA_Handler                             0x00000389   Thumb Code     2  startup_tm4c123.o(.text)
    UDMAERR_Handler                          0x0000038b   Thumb Code     2  startup_tm4c123.o(.text)
    ADC1SS0_Handler                          0x0000038d   Thumb Code     2  startup_tm4c123.o(.text)
    ADC1SS1_Handler                          0x0000038f   Thumb Code     2  startup_tm4c123.o(.text)
    ADC1SS2_Handler                          0x00000391   Thumb Code     2  startup_tm4c123.o(.text)
    ADC1SS3_Handler                          0x00000393   Thumb Code     2  startup_tm4c123.o(.text)
    GPIOJ_Handler                            0x00000395   Thumb Code     2  startup_tm4c123.o(.text)
    GPIOK_Handler                            0x00000397   Thumb Code     2  startup_tm4c123.o(.text)
    GPIOL_Handler                            0x00000399   Thumb Code     2  startup_tm4c123.o(.text)
    SSI2_Handler                             0x0000039b   Thumb Code     2  startup_tm4c123.o(.text)
    SSI3_Handler                             0x0000039d   Thumb Code     2  startup_tm4c123.o(.text)
    UART3_Handler                            0x0000039f   Thumb Code     2  startup_tm4c123.o(.text)
    UART4_Handler                            0x000003a1   Thumb Code     2  startup_tm4c123.o(.text)
    UART5_Handler                            0x000003a3   Thumb Code     2  startup_tm4c123.o(.text)
    UART6_Handler                            0x000003a5   Thumb Code     2  startup_tm4c123.o(.text)
    UART7_Handler                            0x000003a7   Thumb Code     2  startup_tm4c123.o(.text)
    I2C2_Handler                             0x000003a9   Thumb Code     2  startup_tm4c123.o(.text)
    I2C3_Handler                             0x000003ab   Thumb Code     2  startup_tm4c123.o(.text)
    TIMER4A_Handler                          0x000003ad   Thumb Code     2  startup_tm4c123.o(.text)
    TIMER4B_Handler                          0x000003af   Thumb Code     2  startup_tm4c123.o(.text)
    TIMER5A_Handler                          0x000003b1   Thumb Code     2  startup_tm4c123.o(.text)
    TIMER5B_Handler                          0x000003b3   Thumb Code     2  startup_tm4c123.o(.text)
    WTIMER0A_Handler                         0x000003b5   Thumb Code     2  startup_tm4c123.o(.text)
    WTIMER0B_Handler                         0x000003b7   Thumb Code     2  startup_tm4c123.o(.text)
    WTIMER1A_Handler                         0x000003b9   Thumb Code     2  startup_tm4c123.o(.text)
    WTIMER1B_Handler                         0x000003bb   Thumb Code     2  startup_tm4c123.o(.text)
    WTIMER2A_Handler                         0x000003bd   Thumb Code     2  startup_tm4c123.o(.text)
    WTIMER2B_Handler                         0x000003bf   Thumb Code     2  startup_tm4c123.o(.text)
    WTIMER3A_Handler                         0x000003c1   Thumb Code     2  startup_tm4c123.o(.text)
    WTIMER3B_Handler                         0x000003c3   Thumb Code     2  startup_tm4c123.o(.text)
    WTIMER4A_Handler                         0x000003c5   Thumb Code     2  startup_tm4c123.o(.text)
    WTIMER4B_Handler                         0x000003c7   Thumb Code     2  startup_tm4c123.o(.text)
    WTIMER5A_Handler                         0x000003c9   Thumb Code     2  startup_tm4c123.o(.text)
    WTIMER5B_Handler                         0x000003cb   Thumb Code     2  startup_tm4c123.o(.text)
    FPU_Handler                              0x000003cd   Thumb Code     2  startup_tm4c123.o(.text)
    I2C4_Handler                             0x000003cf   Thumb Code     2  startup_tm4c123.o(.text)
    I2C5_Handler                             0x000003d1   Thumb Code     2  startup_tm4c123.o(.text)
    GPIOM_Handler                            0x000003d3   Thumb Code     2  startup_tm4c123.o(.text)
    GPION_Handler                            0x000003d5   Thumb Code     2  startup_tm4c123.o(.text)
    QEI2_Handler                             0x000003d7   Thumb Code     2  startup_tm4c123.o(.text)
    GPIOP0_Handler                           0x000003d9   Thumb Code     2  startup_tm4c123.o(.text)
    GPIOP1_Handler                           0x000003db   Thumb Code     2  startup_tm4c123.o(.text)
    GPIOP2_Handler                           0x000003dd   Thumb Code     2  startup_tm4c123.o(.text)
    GPIOP3_Handler                           0x000003df   Thumb Code     2  startup_tm4c123.o(.text)
    GPIOP4_Handler                           0x000003e1   Thumb Code     2  startup_tm4c123.o(.text)
    GPIOP5_Handler                           0x000003e3   Thumb Code     2  startup_tm4c123.o(.text)
    GPIOP6_Handler                           0x000003e5   Thumb Code     2  startup_tm4c123.o(.text)
    GPIOP7_Handler                           0x000003e7   Thumb Code     2  startup_tm4c123.o(.text)
    GPIOQ0_Handler                           0x000003e9   Thumb Code     2  startup_tm4c123.o(.text)
    GPIOQ1_Handler                           0x000003eb   Thumb Code     2  startup_tm4c123.o(.text)
    GPIOQ2_Handler                           0x000003ed   Thumb Code     2  startup_tm4c123.o(.text)
    GPIOQ3_Handler                           0x000003ef   Thumb Code     2  startup_tm4c123.o(.text)
    GPIOQ4_Handler                           0x000003f1   Thumb Code     2  startup_tm4c123.o(.text)
    GPIOQ5_Handler                           0x000003f3   Thumb Code     2  startup_tm4c123.o(.text)
    GPIOQ6_Handler                           0x000003f5   Thumb Code     2  startup_tm4c123.o(.text)
    GPIOQ7_Handler                           0x000003f7   Thumb Code     2  startup_tm4c123.o(.text)
    GPIOR_Handler                            0x000003f9   Thumb Code     2  startup_tm4c123.o(.text)
    GPIOS_Handler                            0x000003fb   Thumb Code     2  startup_tm4c123.o(.text)
    PMW1_0_Handler                           0x000003fd   Thumb Code     2  startup_tm4c123.o(.text)
    PWM1_1_Handler                           0x000003ff   Thumb Code     2  startup_tm4c123.o(.text)
    PWM1_2_Handler                           0x00000401   Thumb Code     2  startup_tm4c123.o(.text)
    PWM1_3_Handler                           0x00000403   Thumb Code     2  startup_tm4c123.o(.text)
    PWM1_FAULT_Handler                       0x00000405   Thumb Code     2  startup_tm4c123.o(.text)
    __user_initial_stackheap                 0x00000409   Thumb Code     0  startup_tm4c123.o(.text)
    __aeabi_assert                           0x00000429   Thumb Code    86  assert.o(.text)
    __assert                                 0x00000429   Thumb Code     0  assert.o(.text)
    __aeabi_memcpy                           0x000004a9   Thumb Code     0  rt_memcpy_v6.o(.text)
    __rt_memcpy                              0x000004a9   Thumb Code   138  rt_memcpy_v6.o(.text)
    _memcpy_lastbytes                        0x0000050f   Thumb Code     0  rt_memcpy_v6.o(.text)
    __aeabi_memset4                          0x00000533   Thumb Code    16  aeabi_memset4.o(.text)
    __aeabi_memset8                          0x00000533   Thumb Code     0  aeabi_memset4.o(.text)
    __aeabi_memclr                           0x00000543   Thumb Code     0  rt_memclr.o(.text)
    __rt_memclr                              0x00000543   Thumb Code     0  rt_memclr.o(.text)
    _memset                                  0x00000547   Thumb Code    64  rt_memclr.o(.text)
    __use_two_region_memory                  0x00000587   Thumb Code     2  heapauxi.o(.text)
    __rt_heap_escrow$2region                 0x00000589   Thumb Code     2  heapauxi.o(.text)
    __rt_heap_expand$2region                 0x0000058b   Thumb Code     2  heapauxi.o(.text)
    abort                                    0x0000058d   Thumb Code    22  abort.o(.text)
    __assert_puts                            0x000005a3   Thumb Code    20  assert_puts.o(.text)
    __aeabi_memcpy4                          0x000005b7   Thumb Code     0  rt_memcpy_w.o(.text)
    __aeabi_memcpy8                          0x000005b7   Thumb Code     0  rt_memcpy_w.o(.text)
    __rt_memcpy_w                            0x000005b7   Thumb Code   100  rt_memcpy_w.o(.text)
    _memcpy_lastbytes_aligned                0x000005ff   Thumb Code     0  rt_memcpy_w.o(.text)
    __aeabi_memclr4                          0x0000061b   Thumb Code     0  rt_memclr_w.o(.text)
    __aeabi_memclr8                          0x0000061b   Thumb Code     0  rt_memclr_w.o(.text)
    __rt_memclr_w                            0x0000061b   Thumb Code     0  rt_memclr_w.o(.text)
    _memset_w                                0x0000061f   Thumb Code    74  rt_memclr_w.o(.text)
    _ttywrch                                 0x00000669   Thumb Code    14  sys_wrch.o(.text)
    _sys_exit                                0x00000679   Thumb Code     8  sys_exit.o(.text)
    __rt_SIGABRT                             0x00000685   Thumb Code    14  defsig_abrt_outer.o(.text)
    __I$use$semihosting                      0x00000693   Thumb Code     0  use_no_semi.o(.text)
    __use_no_semihosting_swi                 0x00000693   Thumb Code     2  use_no_semi.o(.text)
    __semihosting_library_function           0x00000695   Thumb Code     0  indicate_semi.o(.text)
    __user_setup_stackheap                   0x00000695   Thumb Code    74  sys_stackheap_outer.o(.text)
    exit                                     0x000006df   Thumb Code    18  exit.o(.text)
    __sig_exit                               0x000006f1   Thumb Code    10  defsig_exit.o(.text)
    __rt_SIGABRT_inner                       0x000006fd   Thumb Code    14  defsig_abrt_inner.o(.text)
    __user_libspace                          0x0000072d   Thumb Code     8  libspace.o(.text)
    __user_perproc_libspace                  0x0000072d   Thumb Code     0  libspace.o(.text)
    __default_signal_display                 0x00000735   Thumb Code    50  defsig_general.o(.text)
    _fp_init                                 0x00000769   Thumb Code    22  clib_os.o(.text.$Sub$$_fp_init)
    GPIOA_Handler                            0x00000781   Thumb Code   476  main.o(.text.GPIOA_Handler)
    GPIOC_Handler                            0x0000095d   Thumb Code   386  main.o(.text.GPIOC_Handler)
    GPIOD_Handler                            0x00000ae1   Thumb Code   238  main.o(.text.GPIOD_Handler)
    GPIOF_Handler                            0x00000bd1   Thumb Code   168  main.o(.text.GPIOF_Handler)
    H_Encoder_Init                           0x00000c79   Thumb Code    86  hal.o(.text.H_Encoder_Init)
    H_Leds_Init                              0x00000cd1   Thumb Code    76  hal.o(.text.H_Leds_Init)
    H_Limit_init                             0x00000d1d   Thumb Code    98  hal.o(.text.H_Limit_init)
    H_Motor_Init                             0x00000d81   Thumb Code    56  hal.o(.text.H_Motor_Init)
    H_PB_init                                0x00000db9   Thumb Code   262  hal.o(.text.H_PB_init)
    H_Ports_Init                             0x00000ec1   Thumb Code    34  hal.o(.text.H_Ports_Init)
    LCD_Clear                                0x00000fb5   Thumb Code    16  lcd_i2c.o(.text.LCD_Clear)
    LCD_Init                                 0x0000101d   Thumb Code   106  lcd_i2c.o(.text.LCD_Init)
    LCD_Print                                0x00001089   Thumb Code    34  lcd_i2c.o(.text.LCD_Print)
    LCD_SetCursor                            0x000010dd   Thumb Code    48  lcd_i2c.o(.text.LCD_SetCursor)
    M_Init                                   0x0000115d   Thumb Code    28  mcal.o(.text.M_Init)
    M_Led                                    0x00001179   Thumb Code   184  mcal.o(.text.M_Led)
    M_MotorControl                           0x00001231   Thumb Code   154  mcal.o(.text.M_MotorControl)
    M_Read                                   0x000012cd   Thumb Code   164  mcal.o(.text.M_Read)
    PWM0_Init                                0x00001371   Thumb Code   160  gpio.o(.text.PWM0_Init)
    PendSV_Handler                           0x00001411   Thumb Code    96  port.o(.text.PendSV_Handler)
    Port_EnableInterrupt                     0x00001471   Thumb Code  1288  gpio.o(.text.Port_EnableInterrupt)
    Port_Init                                0x00001979   Thumb Code    42  gpio.o(.text.Port_Init)
    Port_ReadPin                             0x000019a5   Thumb Code   218  gpio.o(.text.Port_ReadPin)
    Port_SetInternalResistor                 0x00001a81   Thumb Code  1032  gpio.o(.text.Port_SetInternalResistor)
    Port_SetPinDirection                     0x00001e89   Thumb Code   702  gpio.o(.text.Port_SetPinDirection)
    Port_SetPinMode                          0x00002149   Thumb Code  2908  gpio.o(.text.Port_SetPinMode)
    Port_SetPinValue                         0x00002ca5   Thumb Code   704  gpio.o(.text.Port_SetPinValue)
    SVC_Handler                              0x00002f65   Thumb Code    32  port.o(.text.SVC_Handler)
    SysTick_Handler                          0x00002f85   Thumb Code    30  cmsis_os2.o(.text.SysTick_Handler)
    SystemInit                               0x00002fa5   Thumb Code   268  system_tm4c123.o(.text.SystemInit)
    _mutex_acquire                           0x000030b1   Thumb Code    40  clib_os.o(.text._mutex_acquire)
    _mutex_free                              0x000030d9   Thumb Code    84  clib_os.o(.text._mutex_free)
    _mutex_initialize                        0x0000312d   Thumb Code   168  clib_os.o(.text._mutex_initialize)
    _mutex_release                           0x000031d5   Thumb Code    42  clib_os.o(.text._mutex_release)
    _platform_post_stackheap_init            0x00003201   Thumb Code     2  clib_os.o(.text._platform_post_stackheap_init)
    main                                     0x00003225   Thumb Code   936  main.o(.text.main)
    pvPortMalloc                             0x000045d9   Thumb Code   446  heap_4.o(.text.pvPortMalloc)
    pvTaskIncrementMutexHeldCount            0x00004799   Thumb Code    36  tasks.o(.text.pvTaskIncrementMutexHeldCount)
    pxPortInitialiseStack                    0x000047bd   Thumb Code    94  port.o(.text.pxPortInitialiseStack)
    u8_to_str                                0x0000481d   Thumb Code   192  main.o(.text.u8_to_str)
    uxListRemove                             0x000048dd   Thumb Code    72  list.o(.text.uxListRemove)
    uxQueueMessagesWaiting                   0x00004925   Thumb Code    26  queue.o(.text.uxQueueMessagesWaiting)
    uxTaskGetNumberOfTasks                   0x00004941   Thumb Code    12  tasks.o(.text.uxTaskGetNumberOfTasks)
    vApplicationGetIdleTaskMemory            0x0000494d   Thumb Code    42  tasks.o(.text.vApplicationGetIdleTaskMemory)
    vApplicationGetTimerTaskMemory           0x00004979   Thumb Code    42  tasks.o(.text.vApplicationGetTimerTaskMemory)
    vControlTask                             0x000049a5   Thumb Code   278  main.o(.text.vControlTask)
    vDriverDown                              0x00004abd   Thumb Code   292  main.o(.text.vDriverDown)
    vDriverUp                                0x00004be1   Thumb Code   328  main.o(.text.vDriverUp)
    vJamming                                 0x00004d29   Thumb Code   106  main.o(.text.vJamming)
    vLCD                                     0x00004d95   Thumb Code   320  main.o(.text.vLCD)
    vListInitialise                          0x00004ed5   Thumb Code    46  list.o(.text.vListInitialise)
    vListInitialiseItem                      0x00004f05   Thumb Code    14  list.o(.text.vListInitialiseItem)
    vListInsert                              0x00004f15   Thumb Code   106  list.o(.text.vListInsert)
    vPassengerDown                           0x00004f81   Thumb Code   308  main.o(.text.vPassengerDown)
    vPassengerUp                             0x000050b5   Thumb Code   344  main.o(.text.vPassengerUp)
    vPortEnterCritical                       0x00005221   Thumb Code    48  port.o(.text.vPortEnterCritical)
    vPortExitCritical                        0x00005251   Thumb Code    38  port.o(.text.vPortExitCritical)
    vPortFree                                0x00005279   Thumb Code   118  heap_4.o(.text.vPortFree)
    vPortSetupTimerInterrupt                 0x000052f1   Thumb Code    68  port.o(.text.vPortSetupTimerInterrupt)
    vQueueDelete                             0x00005335   Thumb Code    34  queue.o(.text.vQueueDelete)
    vQueueWaitForMessageRestricted           0x00005359   Thumb Code   100  queue.o(.text.vQueueWaitForMessageRestricted)
    vTaskDelay                               0x000053bd   Thumb Code    74  tasks.o(.text.vTaskDelay)
    vTaskInternalSetTimeOutState             0x00005409   Thumb Code    36  tasks.o(.text.vTaskInternalSetTimeOutState)
    vTaskMissedYield                         0x0000542d   Thumb Code    14  tasks.o(.text.vTaskMissedYield)
    vTaskPlaceOnEventList                    0x0000543d   Thumb Code    38  tasks.o(.text.vTaskPlaceOnEventList)
    vTaskPlaceOnEventListRestricted          0x00005465   Thumb Code   100  tasks.o(.text.vTaskPlaceOnEventListRestricted)
    vTaskPriorityDisinheritAfterTimeout      0x000054c9   Thumb Code   312  tasks.o(.text.vTaskPriorityDisinheritAfterTimeout)
    vTaskStartScheduler                      0x00005601   Thumb Code   114  tasks.o(.text.vTaskStartScheduler)
    vTaskSuspendAll                          0x00005675   Thumb Code    16  tasks.o(.text.vTaskSuspendAll)
    vTaskSwitchContext                       0x00005685   Thumb Code   186  tasks.o(.text.vTaskSwitchContext)
    xPortStartScheduler                      0x00005741   Thumb Code   108  port.o(.text.xPortStartScheduler)
    xPortSysTickHandler                      0x000057ad   Thumb Code    62  port.o(.text.xPortSysTickHandler)
    xQueueCreateMutex                        0x000057ed   Thumb Code    38  queue.o(.text.xQueueCreateMutex)
    xQueueCreateMutexStatic                  0x00005815   Thumb Code    50  queue.o(.text.xQueueCreateMutexStatic)
    xQueueGenericCreate                      0x00005849   Thumb Code   134  queue.o(.text.xQueueGenericCreate)
    xQueueGenericCreateStatic                0x000058d1   Thumb Code   108  queue.o(.text.xQueueGenericCreateStatic)
    xQueueGenericReset                       0x0000593d   Thumb Code   208  queue.o(.text.xQueueGenericReset)
    xQueueGenericSend                        0x00005a0d   Thumb Code   362  queue.o(.text.xQueueGenericSend)
    xQueueGenericSendFromISR                 0x00005b79   Thumb Code   214  queue.o(.text.xQueueGenericSendFromISR)
    xQueueReceive                            0x00005c51   Thumb Code   338  queue.o(.text.xQueueReceive)
    xQueueSemaphoreTake                      0x00005da5   Thumb Code   414  queue.o(.text.xQueueSemaphoreTake)
    xTaskCheckForTimeOut                     0x00005f45   Thumb Code   196  tasks.o(.text.xTaskCheckForTimeOut)
    xTaskCreate                              0x00006009   Thumb Code    82  tasks.o(.text.xTaskCreate)
    xTaskCreateStatic                        0x0000605d   Thumb Code    92  tasks.o(.text.xTaskCreateStatic)
    xTaskDelayUntil                          0x000060b9   Thumb Code   186  tasks.o(.text.xTaskDelayUntil)
    xTaskGenericNotifyFromISR                0x00006175   Thumb Code   572  tasks.o(.text.xTaskGenericNotifyFromISR)
    xTaskGenericNotifyWait                   0x000063b1   Thumb Code   322  tasks.o(.text.xTaskGenericNotifyWait)
    xTaskGetSchedulerState                   0x000064f5   Thumb Code    56  tasks.o(.text.xTaskGetSchedulerState)
    xTaskGetTickCount                        0x0000652d   Thumb Code    20  tasks.o(.text.xTaskGetTickCount)
    xTaskGetTickCountFromISR                 0x00006541   Thumb Code    24  tasks.o(.text.xTaskGetTickCountFromISR)
    xTaskIncrementTick                       0x00006559   Thumb Code   606  tasks.o(.text.xTaskIncrementTick)
    xTaskPriorityDisinherit                  0x000067b9   Thumb Code   242  tasks.o(.text.xTaskPriorityDisinherit)
    xTaskPriorityInherit                     0x000068ad   Thumb Code   348  tasks.o(.text.xTaskPriorityInherit)
    xTaskRemoveFromEventList                 0x00006a09   Thumb Code   404  tasks.o(.text.xTaskRemoveFromEventList)
    xTaskResumeAll                           0x00006b9d   Thumb Code   562  tasks.o(.text.xTaskResumeAll)
    xTimerCreateTimerTask                    0x00006dd1   Thumb Code   120  timers.o(.text.xTimerCreateTimerTask)
    __aeabi_d2iz                             0x00006e49   Thumb Code     0  dfix.o(x$fpl$dfix)
    _dfix                                    0x00006e49   Thumb Code    94  dfix.o(x$fpl$dfix)
    __aeabi_dmul                             0x00006ea9   Thumb Code     0  dmul.o(x$fpl$dmul)
    _dmul                                    0x00006ea9   Thumb Code   332  dmul.o(x$fpl$dmul)
    __fpl_dnaninf                            0x00006ffd   Thumb Code   156  dnaninf.o(x$fpl$dnaninf)
    __fpl_dretinf                            0x00007099   Thumb Code    12  dretinf.o(x$fpl$dretinf)
    __aeabi_f2d                              0x000070a5   Thumb Code     0  f2d.o(x$fpl$f2d)
    _f2d                                     0x000070a5   Thumb Code    86  f2d.o(x$fpl$f2d)
    __fpl_fnaninf                            0x000070fb   Thumb Code   140  fnaninf.o(x$fpl$fnaninf)
    $Super$$_fp_init                         0x00007187   Thumb Code    26  fpinit.o(x$fpl$fpinit)
    __fplib_config_fpu_vfp                   0x0000719f   Thumb Code     0  fpinit.o(x$fpl$fpinit)
    __fplib_config_pureend_doubles           0x0000719f   Thumb Code     0  fpinit.o(x$fpl$fpinit)
    __I$use$fp                               0x000071a0   Number         0  usenofp.o(x$fpl$usenofp)
    Region$$Table$$Base                      0x00007288   Number         0  anon$$obj.o(Region$$Table)
    Region$$Table$$Limit                     0x000072a8   Number         0  anon$$obj.o(Region$$Table)
    SystemCoreClock                          0x20000000   Data           4  system_tm4c123.o(.data.SystemCoreClock)
    __libspace_start                         0x20000008   Data          96  libspace.o(.bss)
    __temporary_stack_top$libspace           0x20000068   Data           0  libspace.o(.bss)
    angle                                    0x2000006c   Data           2  main.o(.bss.angle)
    control                                  0x20000214   Data           1  main.o(.bss.control)
    encoder_count                            0x20000218   Data           4  main.o(.bss.encoder_count)
    motor_revs                               0x2000021c   Data           1  main.o(.bss.motor_revs)
    pxCurrentTCB                             0x200002c4   Data           4  tasks.o(.bss.pxCurrentTCB)
    xControlTaskHandle                       0x20002b70   Data           4  main.o(.bss.xControlTaskHandle)
    xDriverDown                              0x20002b9c   Data           4  main.o(.bss.xDriverDown)
    xDriverUp                                0x20002ba0   Data           4  main.o(.bss.xDriverUp)
    xDriverUpHandle                          0x20002ba4   Data           4  main.o(.bss.xDriverUpHandle)
    xJamming                                 0x20002bb0   Data           4  main.o(.bss.xJamming)
    xPassengerDown                           0x20002bc8   Data           4  main.o(.bss.xPassengerDown)
    xPassengerDownAuto                       0x20002bcc   Data           4  main.o(.bss.xPassengerDownAuto)
    xPassengerUp                             0x20002bd0   Data           4  main.o(.bss.xPassengerUp)
    xPassengerUpAuto                         0x20002bd4   Data           4  main.o(.bss.xPassengerUpAuto)
    xPassengerUpHandle                       0x20002bd8   Data           4  main.o(.bss.xPassengerUpHandle)
    xQueue                                   0x20002bf4   Data           4  main.o(.bss.xQueue)



==============================================================================

Memory Map of the image

  Image Entry point : 0x00000315

  Load Region LR_IROM1 (Base: 0x00000000, Size: 0x000072b0, Max: 0x00040000, ABSOLUTE)

    Execution Region ER_IROM1 (Exec base: 0x00000000, Load base: 0x00000000, Size: 0x000072a8, Max: 0x00040000, ABSOLUTE)

    Exec Addr    Load Addr    Size         Type   Attr      Idx    E Section Name        Object

    0x00000000   0x00000000   0x0000026c   Data   RO          397    RESET               startup_tm4c123.o
    0x0000026c   0x0000026c   0x00000008   Code   RO          907  * !!!main             c_w.l(__main.o)
    0x00000274   0x00000274   0x00000034   Code   RO         1268    !!!scatter          c_w.l(__scatter.o)
    0x000002a8   0x000002a8   0x0000001a   Code   RO         1270    !!handler_copy      c_w.l(__scatter_copy.o)
    0x000002c2   0x000002c2   0x00000002   PAD
    0x000002c4   0x000002c4   0x0000001c   Code   RO         1272    !!handler_zi        c_w.l(__scatter_zi.o)
    0x000002e0   0x000002e0   0x00000002   Code   RO         1138    .ARM.Collect$$libinit$$00000000  c_w.l(libinit.o)
    0x000002e2   0x000002e2   0x00000004   Code   RO         1157    .ARM.Collect$$libinit$$00000001  c_w.l(libinit2.o)
    0x000002e6   0x000002e6   0x00000000   Code   RO         1160    .ARM.Collect$$libinit$$00000004  c_w.l(libinit2.o)
    0x000002e6   0x000002e6   0x00000000   Code   RO         1162    .ARM.Collect$$libinit$$00000006  c_w.l(libinit2.o)
    0x000002e6   0x000002e6   0x00000000   Code   RO         1165    .ARM.Collect$$libinit$$0000000C  c_w.l(libinit2.o)
    0x000002e6   0x000002e6   0x00000000   Code   RO         1167    .ARM.Collect$$libinit$$0000000E  c_w.l(libinit2.o)
    0x000002e6   0x000002e6   0x00000000   Code   RO         1169    .ARM.Collect$$libinit$$00000010  c_w.l(libinit2.o)
    0x000002e6   0x000002e6   0x00000000   Code   RO         1172    .ARM.Collect$$libinit$$00000013  c_w.l(libinit2.o)
    0x000002e6   0x000002e6   0x00000000   Code   RO         1174    .ARM.Collect$$libinit$$00000015  c_w.l(libinit2.o)
    0x000002e6   0x000002e6   0x00000000   Code   RO         1176    .ARM.Collect$$libinit$$00000017  c_w.l(libinit2.o)
    0x000002e6   0x000002e6   0x00000000   Code   RO         1178    .ARM.Collect$$libinit$$00000019  c_w.l(libinit2.o)
    0x000002e6   0x000002e6   0x00000000   Code   RO         1180    .ARM.Collect$$libinit$$0000001B  c_w.l(libinit2.o)
    0x000002e6   0x000002e6   0x00000000   Code   RO         1182    .ARM.Collect$$libinit$$0000001D  c_w.l(libinit2.o)
    0x000002e6   0x000002e6   0x00000000   Code   RO         1184    .ARM.Collect$$libinit$$0000001F  c_w.l(libinit2.o)
    0x000002e6   0x000002e6   0x00000000   Code   RO         1186    .ARM.Collect$$libinit$$00000021  c_w.l(libinit2.o)
    0x000002e6   0x000002e6   0x00000000   Code   RO         1188    .ARM.Collect$$libinit$$00000023  c_w.l(libinit2.o)
    0x000002e6   0x000002e6   0x00000000   Code   RO         1190    .ARM.Collect$$libinit$$00000025  c_w.l(libinit2.o)
    0x000002e6   0x000002e6   0x00000000   Code   RO         1192    .ARM.Collect$$libinit$$00000027  c_w.l(libinit2.o)
    0x000002e6   0x000002e6   0x00000000   Code   RO         1196    .ARM.Collect$$libinit$$0000002E  c_w.l(libinit2.o)
    0x000002e6   0x000002e6   0x00000000   Code   RO         1198    .ARM.Collect$$libinit$$00000030  c_w.l(libinit2.o)
    0x000002e6   0x000002e6   0x00000000   Code   RO         1200    .ARM.Collect$$libinit$$00000032  c_w.l(libinit2.o)
    0x000002e6   0x000002e6   0x00000000   Code   RO         1202    .ARM.Collect$$libinit$$00000034  c_w.l(libinit2.o)
    0x000002e6   0x000002e6   0x00000002   Code   RO         1203    .ARM.Collect$$libinit$$00000035  c_w.l(libinit2.o)
    0x000002e8   0x000002e8   0x00000002   Code   RO         1239    .ARM.Collect$$libshutdown$$00000000  c_w.l(libshutdown.o)
    0x000002ea   0x000002ea   0x00000000   Code   RO         1251    .ARM.Collect$$libshutdown$$00000002  c_w.l(libshutdown2.o)
    0x000002ea   0x000002ea   0x00000000   Code   RO         1253    .ARM.Collect$$libshutdown$$00000004  c_w.l(libshutdown2.o)
    0x000002ea   0x000002ea   0x00000000   Code   RO         1256    .ARM.Collect$$libshutdown$$00000007  c_w.l(libshutdown2.o)
    0x000002ea   0x000002ea   0x00000000   Code   RO         1259    .ARM.Collect$$libshutdown$$0000000A  c_w.l(libshutdown2.o)
    0x000002ea   0x000002ea   0x00000000   Code   RO         1261    .ARM.Collect$$libshutdown$$0000000C  c_w.l(libshutdown2.o)
    0x000002ea   0x000002ea   0x00000000   Code   RO         1264    .ARM.Collect$$libshutdown$$0000000F  c_w.l(libshutdown2.o)
    0x000002ea   0x000002ea   0x00000002   Code   RO         1265    .ARM.Collect$$libshutdown$$00000010  c_w.l(libshutdown2.o)
    0x000002ec   0x000002ec   0x00000000   Code   RO          919    .ARM.Collect$$rtentry$$00000000  c_w.l(__rtentry.o)
    0x000002ec   0x000002ec   0x00000000   Code   RO         1043    .ARM.Collect$$rtentry$$00000002  c_w.l(__rtentry2.o)
    0x000002ec   0x000002ec   0x00000006   Code   RO         1055    .ARM.Collect$$rtentry$$00000004  c_w.l(__rtentry4.o)
    0x000002f2   0x000002f2   0x00000008   Code   RO         1044    .ARM.Collect$$rtentry$$00000008  c_w.l(__rtentry2.o)
    0x000002fa   0x000002fa   0x00000004   Code   RO         1046    .ARM.Collect$$rtentry$$0000000A  c_w.l(__rtentry2.o)
    0x000002fe   0x000002fe   0x00000000   Code   RO         1048    .ARM.Collect$$rtentry$$0000000C  c_w.l(__rtentry2.o)
    0x000002fe   0x000002fe   0x00000008   Code   RO         1049    .ARM.Collect$$rtentry$$0000000D  c_w.l(__rtentry2.o)
    0x00000306   0x00000306   0x00000002   Code   RO         1146    .ARM.Collect$$rtexit$$00000000  c_w.l(rtexit.o)
    0x00000308   0x00000308   0x00000000   Code   RO         1205    .ARM.Collect$$rtexit$$00000002  c_w.l(rtexit2.o)
    0x00000308   0x00000308   0x00000004   Code   RO         1206    .ARM.Collect$$rtexit$$00000003  c_w.l(rtexit2.o)
    0x0000030c   0x0000030c   0x00000006   Code   RO         1207    .ARM.Collect$$rtexit$$00000004  c_w.l(rtexit2.o)
    0x00000312   0x00000312   0x00000002   PAD
    0x00000314   0x00000314   0x00000114   Code   RO          398  * .text               startup_tm4c123.o
    0x00000428   0x00000428   0x00000080   Code   RO          895    .text               c_w.l(assert.o)
    0x000004a8   0x000004a8   0x0000008a   Code   RO          897    .text               c_w.l(rt_memcpy_v6.o)
    0x00000532   0x00000532   0x00000010   Code   RO          899    .text               c_w.l(aeabi_memset4.o)
    0x00000542   0x00000542   0x00000044   Code   RO          901    .text               c_w.l(rt_memclr.o)
    0x00000586   0x00000586   0x00000006   Code   RO          905    .text               c_w.l(heapauxi.o)
    0x0000058c   0x0000058c   0x00000016   Code   RO         1011    .text               c_w.l(abort.o)
    0x000005a2   0x000005a2   0x00000014   Code   RO         1013    .text               c_w.l(assert_puts.o)
    0x000005b6   0x000005b6   0x00000064   Code   RO         1015    .text               c_w.l(rt_memcpy_w.o)
    0x0000061a   0x0000061a   0x0000004e   Code   RO         1017    .text               c_w.l(rt_memclr_w.o)
    0x00000668   0x00000668   0x0000000e   Code   RO         1034    .text               c_w.l(sys_wrch.o)
    0x00000676   0x00000676   0x00000002   PAD
    0x00000678   0x00000678   0x0000000c   Code   RO         1036    .text               c_w.l(sys_exit.o)
    0x00000684   0x00000684   0x0000000e   Code   RO         1077    .text               c_w.l(defsig_abrt_outer.o)
    0x00000692   0x00000692   0x00000002   Code   RO         1081    .text               c_w.l(use_no_semi.o)
    0x00000694   0x00000694   0x00000000   Code   RO         1083    .text               c_w.l(indicate_semi.o)
    0x00000694   0x00000694   0x0000004a   Code   RO         1084    .text               c_w.l(sys_stackheap_outer.o)
    0x000006de   0x000006de   0x00000012   Code   RO         1129    .text               c_w.l(exit.o)
    0x000006f0   0x000006f0   0x0000000a   Code   RO         1131    .text               c_w.l(defsig_exit.o)
    0x000006fa   0x000006fa   0x00000002   PAD
    0x000006fc   0x000006fc   0x00000030   Code   RO         1133    .text               c_w.l(defsig_abrt_inner.o)
    0x0000072c   0x0000072c   0x00000008   Code   RO         1143    .text               c_w.l(libspace.o)
    0x00000734   0x00000734   0x00000032   Code   RO         1155    .text               c_w.l(defsig_general.o)
    0x00000766   0x00000766   0x00000002   PAD
    0x00000768   0x00000768   0x00000016   Code   RO          146    .text.$Sub$$_fp_init  clib_os.o
    0x0000077e   0x0000077e   0x00000002   PAD
    0x00000780   0x00000780   0x000001dc   Code   RO           20    .text.GPIOA_Handler  main.o
    0x0000095c   0x0000095c   0x00000182   Code   RO           22    .text.GPIOC_Handler  main.o
    0x00000ade   0x00000ade   0x00000002   PAD
    0x00000ae0   0x00000ae0   0x000000ee   Code   RO           24    .text.GPIOD_Handler  main.o
    0x00000bce   0x00000bce   0x00000002   PAD
    0x00000bd0   0x00000bd0   0x000000a8   Code   RO           26    .text.GPIOF_Handler  main.o
    0x00000c78   0x00000c78   0x00000056   Code   RO          100    .text.H_Encoder_Init  hal.o
    0x00000cce   0x00000cce   0x00000002   PAD
    0x00000cd0   0x00000cd0   0x0000004c   Code   RO          102    .text.H_Leds_Init   hal.o
    0x00000d1c   0x00000d1c   0x00000062   Code   RO           96    .text.H_Limit_init  hal.o
    0x00000d7e   0x00000d7e   0x00000002   PAD
    0x00000d80   0x00000d80   0x00000038   Code   RO           98    .text.H_Motor_Init  hal.o
    0x00000db8   0x00000db8   0x00000106   Code   RO           94    .text.H_PB_init     hal.o
    0x00000ebe   0x00000ebe   0x00000002   PAD
    0x00000ec0   0x00000ec0   0x00000022   Code   RO           92    .text.H_Ports_Init  hal.o
    0x00000ee2   0x00000ee2   0x00000002   PAD
    0x00000ee4   0x00000ee4   0x0000008c   Code   RO          113    .text.I2C0_Init     lcd_i2c.o
    0x00000f70   0x00000f70   0x00000044   Code   RO          131    .text.I2C0_WriteByte  lcd_i2c.o
    0x00000fb4   0x00000fb4   0x00000010   Code   RO          119    .text.LCD_Clear     lcd_i2c.o
    0x00000fc4   0x00000fc4   0x0000002a   Code   RO          117    .text.LCD_Cmd       lcd_i2c.o
    0x00000fee   0x00000fee   0x00000002   PAD
    0x00000ff0   0x00000ff0   0x0000002a   Code   RO          125    .text.LCD_Data      lcd_i2c.o
    0x0000101a   0x0000101a   0x00000002   PAD
    0x0000101c   0x0000101c   0x0000006a   Code   RO          111    .text.LCD_Init      lcd_i2c.o
    0x00001086   0x00001086   0x00000002   PAD
    0x00001088   0x00001088   0x00000022   Code   RO          123    .text.LCD_Print     lcd_i2c.o
    0x000010aa   0x000010aa   0x00000002   PAD
    0x000010ac   0x000010ac   0x0000002e   Code   RO          133    .text.LCD_PulseEnable  lcd_i2c.o
    0x000010da   0x000010da   0x00000002   PAD
    0x000010dc   0x000010dc   0x00000030   Code   RO          121    .text.LCD_SetCursor  lcd_i2c.o
    0x0000110c   0x0000110c   0x00000022   Code   RO          129    .text.LCD_Write4Bits  lcd_i2c.o
    0x0000112e   0x0000112e   0x00000002   PAD
    0x00001130   0x00001130   0x0000002c   Code   RO          115    .text.LCD_WriteNibble  lcd_i2c.o
    0x0000115c   0x0000115c   0x0000001c   Code   RO           77    .text.M_Init        mcal.o
    0x00001178   0x00001178   0x000000b8   Code   RO           83    .text.M_Led         mcal.o
    0x00001230   0x00001230   0x0000009a   Code   RO           79    .text.M_MotorControl  mcal.o
    0x000012ca   0x000012ca   0x00000002   PAD
    0x000012cc   0x000012cc   0x000000a4   Code   RO           81    .text.M_Read        mcal.o
    0x00001370   0x00001370   0x000000a0   Code   RO           67    .text.PWM0_Init     gpio.o
    0x00001410   0x00001410   0x00000060   Code   RO          496    .text.PendSV_Handler  port.o
    0x00001470   0x00001470   0x00000508   Code   RO           65    .text.Port_EnableInterrupt  gpio.o
    0x00001978   0x00001978   0x0000002a   Code   RO           53    .text.Port_Init     gpio.o
    0x000019a2   0x000019a2   0x00000002   PAD
    0x000019a4   0x000019a4   0x000000da   Code   RO           63    .text.Port_ReadPin  gpio.o
    0x00001a7e   0x00001a7e   0x00000002   PAD
    0x00001a80   0x00001a80   0x00000408   Code   RO           59    .text.Port_SetInternalResistor  gpio.o
    0x00001e88   0x00001e88   0x000002be   Code   RO           55    .text.Port_SetPinDirection  gpio.o
    0x00002146   0x00002146   0x00000002   PAD
    0x00002148   0x00002148   0x00000b5c   Code   RO           57    .text.Port_SetPinMode  gpio.o
    0x00002ca4   0x00002ca4   0x000002c0   Code   RO           61    .text.Port_SetPinValue  gpio.o
    0x00002f64   0x00002f64   0x00000020   Code   RO          480    .text.SVC_Handler   port.o
    0x00002f84   0x00002f84   0x0000001e   Code   RO          173    .text.SysTick_Handler  cmsis_os2.o
    0x00002fa2   0x00002fa2   0x00000002   PAD
    0x00002fa4   0x00002fa4   0x0000010c   Code   RO          409    .text.SystemInit    system_tm4c123.o
    0x000030b0   0x000030b0   0x00000028   Code   RO          154    .text._mutex_acquire  clib_os.o
    0x000030d8   0x000030d8   0x00000054   Code   RO          160    .text._mutex_free   clib_os.o
    0x0000312c   0x0000312c   0x000000a8   Code   RO          152    .text._mutex_initialize  clib_os.o
    0x000031d4   0x000031d4   0x0000002a   Code   RO          158    .text._mutex_release  clib_os.o
    0x000031fe   0x000031fe   0x00000002   PAD
    0x00003200   0x00003200   0x00000002   Code   RO          144    .text._platform_post_stackheap_init  clib_os.o
    0x00003202   0x00003202   0x00000002   PAD
    0x00003204   0x00003204   0x00000020   Code   RO          156    .text.is_thread_mode  clib_os.o
    0x00003224   0x00003224   0x000003a8   Code   RO            4    .text.main          main.o
    0x000035cc   0x000035cc   0x00000020   Code   RO          150    .text.os_kernel_is_active  clib_os.o
    0x000035ec   0x000035ec   0x0000010e   Code   RO          651    .text.prvAddCurrentTaskToDelayedList  tasks.o
    0x000036fa   0x000036fa   0x00000002   PAD
    0x000036fc   0x000036fc   0x00000170   Code   RO          635    .text.prvAddNewTaskToReadyList  tasks.o
    0x0000386c   0x0000386c   0x0000007e   Code   RO          813    .text.prvCheckForValidListAndQueue  timers.o
    0x000038ea   0x000038ea   0x00000002   PAD
    0x000038ec   0x000038ec   0x0000005a   Code   RO          685    .text.prvCheckTasksWaitingTermination  tasks.o
    0x00003946   0x00003946   0x00000002   PAD
    0x00003948   0x00003948   0x00000042   Code   RO          588    .text.prvCopyDataFromQueue  queue.o
    0x0000398a   0x0000398a   0x00000002   PAD
    0x0000398c   0x0000398c   0x000000cc   Code   RO          576    .text.prvCopyDataToQueue  queue.o
    0x00003a58   0x00003a58   0x000000d8   Code   RO          681    .text.prvCreateIdleTasks  tasks.o
    0x00003b30   0x00003b30   0x00000078   Code   RO          633    .text.prvCreateStaticTask  tasks.o
    0x00003ba8   0x00003ba8   0x0000008e   Code   RO          639    .text.prvCreateTask  tasks.o
    0x00003c36   0x00003c36   0x00000002   PAD
    0x00003c38   0x00003c38   0x0000003c   Code   RO          645    .text.prvDeleteTCB  tasks.o
    0x00003c74   0x00003c74   0x00000026   Code   RO          592    .text.prvGetHighestPriorityOfWaitToReceiveList  queue.o
    0x00003c9a   0x00003c9a   0x00000002   PAD
    0x00003c9c   0x00003c9c   0x00000040   Code   RO          859    .text.prvGetNextExpireTime  timers.o
    0x00003cdc   0x00003cdc   0x000000aa   Code   RO          510    .text.prvHeapInit   heap_4.o
    0x00003d86   0x00003d86   0x00000002   PAD
    0x00003d88   0x00003d88   0x00000038   Code   RO          775    .text.prvIdleTask   tasks.o
    0x00003dc0   0x00003dc0   0x0000002c   Code   RO          556    .text.prvInitialiseMutex  queue.o
    0x00003dec   0x00003dec   0x00000048   Code   RO          548    .text.prvInitialiseNewQueue  queue.o
    0x00003e34   0x00003e34   0x000000e6   Code   RO          771    .text.prvInitialiseNewTask  tasks.o
    0x00003f1a   0x00003f1a   0x00000002   PAD
    0x00003f1c   0x00003f1c   0x0000008e   Code   RO          773    .text.prvInitialiseTaskLists  tasks.o
    0x00003faa   0x00003faa   0x00000002   PAD
    0x00003fac   0x00003fac   0x000000d8   Code   RO          514    .text.prvInsertBlockIntoFreeList  heap_4.o
    0x00004084   0x00004084   0x00000086   Code   RO          873    .text.prvInsertTimerInActiveList  timers.o
    0x0000410a   0x0000410a   0x00000002   PAD
    0x0000410c   0x0000410c   0x00000028   Code   RO          590    .text.prvIsQueueEmpty  queue.o
    0x00004134   0x00004134   0x0000002e   Code   RO          578    .text.prvIsQueueFull  queue.o
    0x00004162   0x00004162   0x00000002   PAD
    0x00004164   0x00004164   0x00000028   Code   RO          488    .text.prvPortStartFirstTask  port.o
    0x0000418c   0x0000418c   0x00000054   Code   RO          867    .text.prvProcessExpiredTimer  timers.o
    0x000041e0   0x000041e0   0x0000015c   Code   RO          863    .text.prvProcessReceivedCommands  timers.o
    0x0000433c   0x0000433c   0x0000009a   Code   RO          861    .text.prvProcessTimerOrBlockTask  timers.o
    0x000043d6   0x000043d6   0x00000002   PAD
    0x000043d8   0x000043d8   0x00000034   Code   RO          871    .text.prvReloadTimer  timers.o
    0x0000440c   0x0000440c   0x0000003c   Code   RO          643    .text.prvResetNextTaskUnblockTime  tasks.o
    0x00004448   0x00004448   0x00000044   Code   RO          865    .text.prvSampleTimeNow  timers.o
    0x0000448c   0x0000448c   0x00000052   Code   RO          869    .text.prvSwitchTimerLists  timers.o
    0x000044de   0x000044de   0x00000002   PAD
    0x000044e0   0x000044e0   0x00000026   Code   RO          478    .text.prvTaskExitError  port.o
    0x00004506   0x00004506   0x00000002   PAD
    0x00004508   0x00004508   0x0000001e   Code   RO          815    .text.prvTimerTask  timers.o
    0x00004526   0x00004526   0x00000002   PAD
    0x00004528   0x00004528   0x000000ae   Code   RO          580    .text.prvUnlockQueue  queue.o
    0x000045d6   0x000045d6   0x00000002   PAD
    0x000045d8   0x000045d8   0x000001be   Code   RO          508    .text.pvPortMalloc  heap_4.o
    0x00004796   0x00004796   0x00000002   PAD
    0x00004798   0x00004798   0x00000024   Code   RO          749    .text.pvTaskIncrementMutexHeldCount  tasks.o
    0x000047bc   0x000047bc   0x0000005e   Code   RO          476    .text.pxPortInitialiseStack  port.o
    0x0000481a   0x0000481a   0x00000002   PAD
    0x0000481c   0x0000481c   0x000000c0   Code   RO            2    .text.u8_to_str     main.o
    0x000048dc   0x000048dc   0x00000048   Code   RO          467    .text.uxListRemove  list.o
    0x00004924   0x00004924   0x0000001a   Code   RO          600    .text.uxQueueMessagesWaiting  queue.o
    0x0000493e   0x0000493e   0x00000002   PAD
    0x00004940   0x00004940   0x0000000c   Code   RO          693    .text.uxTaskGetNumberOfTasks  tasks.o
    0x0000494c   0x0000494c   0x0000002a   Code   RO          765    .text.vApplicationGetIdleTaskMemory  tasks.o
    0x00004976   0x00004976   0x00000002   PAD
    0x00004978   0x00004978   0x0000002a   Code   RO          767    .text.vApplicationGetTimerTaskMemory  tasks.o
    0x000049a2   0x000049a2   0x00000002   PAD
    0x000049a4   0x000049a4   0x00000116   Code   RO            6    .text.vControlTask  main.o
    0x00004aba   0x00004aba   0x00000002   PAD
    0x00004abc   0x00004abc   0x00000124   Code   RO           10    .text.vDriverDown   main.o
    0x00004be0   0x00004be0   0x00000148   Code   RO            8    .text.vDriverUp     main.o
    0x00004d28   0x00004d28   0x0000006a   Code   RO           16    .text.vJamming      main.o
    0x00004d92   0x00004d92   0x00000002   PAD
    0x00004d94   0x00004d94   0x00000140   Code   RO           18    .text.vLCD          main.o
    0x00004ed4   0x00004ed4   0x0000002e   Code   RO          459    .text.vListInitialise  list.o
    0x00004f02   0x00004f02   0x00000002   PAD
    0x00004f04   0x00004f04   0x0000000e   Code   RO          461    .text.vListInitialiseItem  list.o
    0x00004f12   0x00004f12   0x00000002   PAD
    0x00004f14   0x00004f14   0x0000006a   Code   RO          465    .text.vListInsert   list.o
    0x00004f7e   0x00004f7e   0x00000002   PAD
    0x00004f80   0x00004f80   0x00000134   Code   RO           14    .text.vPassengerDown  main.o
    0x000050b4   0x000050b4   0x00000158   Code   RO           12    .text.vPassengerUp  main.o
    0x0000520c   0x0000520c   0x00000014   Code   RO          486    .text.vPortEnableVFP  port.o
    0x00005220   0x00005220   0x00000030   Code   RO          492    .text.vPortEnterCritical  port.o
    0x00005250   0x00005250   0x00000026   Code   RO          494    .text.vPortExitCritical  port.o
    0x00005276   0x00005276   0x00000002   PAD
    0x00005278   0x00005278   0x00000076   Code   RO          512    .text.vPortFree     heap_4.o
    0x000052ee   0x000052ee   0x00000002   PAD
    0x000052f0   0x000052f0   0x00000044   Code   RO          484    .text.vPortSetupTimerInterrupt  port.o
    0x00005334   0x00005334   0x00000022   Code   RO          606    .text.vQueueDelete  queue.o
    0x00005356   0x00005356   0x00000002   PAD
    0x00005358   0x00005358   0x00000064   Code   RO          622    .text.vQueueWaitForMessageRestricted  queue.o
    0x000053bc   0x000053bc   0x0000004a   Code   RO          655    .text.vTaskDelay    tasks.o
    0x00005406   0x00005406   0x00000002   PAD
    0x00005408   0x00005408   0x00000024   Code   RO          719    .text.vTaskInternalSetTimeOutState  tasks.o
    0x0000542c   0x0000542c   0x0000000e   Code   RO          723    .text.vTaskMissedYield  tasks.o
    0x0000543a   0x0000543a   0x00000002   PAD
    0x0000543c   0x0000543c   0x00000026   Code   RO          707    .text.vTaskPlaceOnEventList  tasks.o
    0x00005462   0x00005462   0x00000002   PAD
    0x00005464   0x00005464   0x00000064   Code   RO          711    .text.vTaskPlaceOnEventListRestricted  tasks.o
    0x000054c8   0x000054c8   0x00000138   Code   RO          745    .text.vTaskPriorityDisinheritAfterTimeout  tasks.o
    0x00005600   0x00005600   0x00000072   Code   RO          679    .text.vTaskStartScheduler  tasks.o
    0x00005672   0x00005672   0x00000002   PAD
    0x00005674   0x00005674   0x00000010   Code   RO          649    .text.vTaskSuspendAll  tasks.o
    0x00005684   0x00005684   0x000000ba   Code   RO          671    .text.vTaskSwitchContext  tasks.o
    0x0000573e   0x0000573e   0x00000002   PAD
    0x00005740   0x00005740   0x0000006c   Code   RO          482    .text.xPortStartScheduler  port.o
    0x000057ac   0x000057ac   0x0000003e   Code   RO          498    .text.xPortSysTickHandler  port.o
    0x000057ea   0x000057ea   0x00000002   PAD
    0x000057ec   0x000057ec   0x00000026   Code   RO          554    .text.xQueueCreateMutex  queue.o
    0x00005812   0x00005812   0x00000002   PAD
    0x00005814   0x00005814   0x00000032   Code   RO          558    .text.xQueueCreateMutexStatic  queue.o
    0x00005846   0x00005846   0x00000002   PAD
    0x00005848   0x00005848   0x00000086   Code   RO          552    .text.xQueueGenericCreate  queue.o
    0x000058ce   0x000058ce   0x00000002   PAD
    0x000058d0   0x000058d0   0x0000006c   Code   RO          546    .text.xQueueGenericCreateStatic  queue.o
    0x0000593c   0x0000593c   0x000000d0   Code   RO          544    .text.xQueueGenericReset  queue.o
    0x00005a0c   0x00005a0c   0x0000016a   Code   RO          566    .text.xQueueGenericSend  queue.o
    0x00005b76   0x00005b76   0x00000002   PAD
    0x00005b78   0x00005b78   0x000000d6   Code   RO          582    .text.xQueueGenericSendFromISR  queue.o
    0x00005c4e   0x00005c4e   0x00000002   PAD
    0x00005c50   0x00005c50   0x00000152   Code   RO          586    .text.xQueueReceive  queue.o
    0x00005da2   0x00005da2   0x00000002   PAD
    0x00005da4   0x00005da4   0x0000019e   Code   RO          570    .text.xQueueSemaphoreTake  queue.o
    0x00005f42   0x00005f42   0x00000002   PAD
    0x00005f44   0x00005f44   0x000000c4   Code   RO          721    .text.xTaskCheckForTimeOut  tasks.o
    0x00006008   0x00006008   0x00000052   Code   RO          637    .text.xTaskCreate   tasks.o
    0x0000605a   0x0000605a   0x00000002   PAD
    0x0000605c   0x0000605c   0x0000005c   Code   RO          631    .text.xTaskCreateStatic  tasks.o
    0x000060b8   0x000060b8   0x000000ba   Code   RO          647    .text.xTaskDelayUntil  tasks.o
    0x00006172   0x00006172   0x00000002   PAD
    0x00006174   0x00006174   0x0000023c   Code   RO          757    .text.xTaskGenericNotifyFromISR  tasks.o
    0x000063b0   0x000063b0   0x00000142   Code   RO          753    .text.xTaskGenericNotifyWait  tasks.o
    0x000064f2   0x000064f2   0x00000002   PAD
    0x000064f4   0x000064f4   0x00000038   Code   RO          739    .text.xTaskGetSchedulerState  tasks.o
    0x0000652c   0x0000652c   0x00000014   Code   RO          689    .text.xTaskGetTickCount  tasks.o
    0x00006540   0x00006540   0x00000018   Code   RO          691    .text.xTaskGetTickCountFromISR  tasks.o
    0x00006558   0x00006558   0x0000025e   Code   RO          687    .text.xTaskIncrementTick  tasks.o
    0x000067b6   0x000067b6   0x00000002   PAD
    0x000067b8   0x000067b8   0x000000f2   Code   RO          743    .text.xTaskPriorityDisinherit  tasks.o
    0x000068aa   0x000068aa   0x00000002   PAD
    0x000068ac   0x000068ac   0x0000015c   Code   RO          741    .text.xTaskPriorityInherit  tasks.o
    0x00006a08   0x00006a08   0x00000194   Code   RO          713    .text.xTaskRemoveFromEventList  tasks.o
    0x00006b9c   0x00006b9c   0x00000232   Code   RO          653    .text.xTaskResumeAll  tasks.o
    0x00006dce   0x00006dce   0x00000002   PAD
    0x00006dd0   0x00006dd0   0x00000078   Code   RO          811    .text.xTimerCreateTimerTask  timers.o
    0x00006e48   0x00006e48   0x0000005e   Code   RO          909    x$fpl$dfix          fz_wm.l(dfix.o)
    0x00006ea6   0x00006ea6   0x00000002   PAD
    0x00006ea8   0x00006ea8   0x00000154   Code   RO          913    x$fpl$dmul          fz_wm.l(dmul.o)
    0x00006ffc   0x00006ffc   0x0000009c   Code   RO         1019    x$fpl$dnaninf       fz_wm.l(dnaninf.o)
    0x00007098   0x00007098   0x0000000c   Code   RO         1021    x$fpl$dretinf       fz_wm.l(dretinf.o)
    0x000070a4   0x000070a4   0x00000056   Code   RO          915    x$fpl$f2d           fz_wm.l(f2d.o)
    0x000070fa   0x000070fa   0x0000008c   Code   RO         1023    x$fpl$fnaninf       fz_wm.l(fnaninf.o)
    0x00007186   0x00007186   0x0000001a   Code   RO          917    x$fpl$fpinit        fz_wm.l(fpinit.o)
    0x000071a0   0x000071a0   0x00000000   Code   RO         1033    x$fpl$usenofp       fz_wm.l(usenofp.o)
    0x000071a0   0x000071a0   0x000000c7   Data   RO           40    .rodata.str1.1      main.o
    0x00007267   0x00007267   0x0000000d   Data   RO           69    .rodata.str1.1      gpio.o
    0x00007274   0x00007274   0x00000005   Data   RO          803    .rodata.str1.1      tasks.o
    0x00007279   0x00007279   0x00000008   Data   RO          876    .rodata.str1.1      timers.o
    0x00007281   0x00007281   0x00000003   PAD
    0x00007284   0x00007284   0x00000004   Data   RO          794    .rodata.uxTopUsedPriority  tasks.o
    0x00007288   0x00007288   0x00000020   Data   RO         1267    Region$$Table       anon$$obj.o


    Execution Region RW_IRAM1 (Exec base: 0x20000000, Load base: 0x000072a8, Size: 0x00002e40, Max: 0x00008000, ABSOLUTE)

    Exec Addr    Load Addr    Size         Type   Attr      Idx    E Section Name        Object

    0x20000000   0x000072a8   0x00000004   Data   RW          411    .data.SystemCoreClock  system_tm4c123.o
    0x20000004   0x000072ac   0x00000004   Data   RW          500    .data.uxCriticalNesting  port.o
    0x20000008        -       0x00000060   Zero   RW         1144    .bss                c_w.l(libspace.o)
    0x20000068        -       0x00000004   Zero   RW           44    .bss.GPIOC_Handler.last_interrupt_time  main.o
    0x2000006c        -       0x00000002   Zero   RW           30    .bss.angle          main.o
    0x2000006e   0x000072b0   0x00000002   PAD
    0x20000070        -       0x00000190   Zero   RW          165    .bss.clib_mutex_cb  clib_os.o
    0x20000200        -       0x00000014   Zero   RW          164    .bss.clib_mutex_id  clib_os.o
    0x20000214        -       0x00000001   Zero   RW           29    .bss.control        main.o
    0x20000215   0x000072b0   0x00000003   PAD
    0x20000218        -       0x00000004   Zero   RW           28    .bss.encoder_count  main.o
    0x2000021c        -       0x00000001   Zero   RW           31    .bss.motor_revs     main.o
    0x2000021d        -       0x00000050   Zero   RW          884    .bss.prvCheckForValidListAndQueue.ucStaticTimerQueueStorage  timers.o
    0x2000026d   0x000072b0   0x00000003   PAD
    0x20000270        -       0x00000050   Zero   RW          883    .bss.prvCheckForValidListAndQueue.xStaticTimerQueue  timers.o
    0x200002c0        -       0x00000004   Zero   RW          880    .bss.prvSampleTimeNow.xLastTime  timers.o
    0x200002c4        -       0x00000004   Zero   RW          777    .bss.pxCurrentTCB   tasks.o
    0x200002c8        -       0x00000004   Zero   RW          878    .bss.pxCurrentTimerList  timers.o
    0x200002cc        -       0x00000004   Zero   RW          784    .bss.pxDelayedTaskList  tasks.o
    0x200002d0        -       0x00000004   Zero   RW          530    .bss.pxEnd          heap_4.o
    0x200002d4        -       0x00000004   Zero   RW          785    .bss.pxOverflowDelayedTaskList  tasks.o
    0x200002d8        -       0x00000004   Zero   RW          879    .bss.pxOverflowTimerList  timers.o
    0x200002dc        -       0x00000460   Zero   RW          788    .bss.pxReadyTasksLists  tasks.o
    0x2000073c        -       0x00002000   Zero   RW          536    .bss.ucHeap         heap_4.o
    0x2000273c        -       0x00000004   Zero   RW          782    .bss.uxCurrentNumberOfTasks  tasks.o
    0x20002740        -       0x00000004   Zero   RW          781    .bss.uxDeletedTasksWaitingCleanUp  tasks.o
    0x20002744        -       0x00000004   Zero   RW          790    .bss.uxSchedulerSuspended  tasks.o
    0x20002748        -       0x00000004   Zero   RW          778    .bss.uxTaskNumber   tasks.o
    0x2000274c        -       0x00000004   Zero   RW          789    .bss.uxTopReadyPriority  tasks.o
    0x20002750        -       0x00000200   Zero   RW          798    .bss.vApplicationGetIdleTaskMemory.uxIdleTaskStack  tasks.o
    0x20002950        -       0x0000005c   Zero   RW          797    .bss.vApplicationGetIdleTaskMemory.xIdleTaskTCB  tasks.o
    0x200029ac        -       0x00000140   Zero   RW          800    .bss.vApplicationGetTimerTaskMemory.uxTimerTaskStack  tasks.o
    0x20002aec        -       0x0000005c   Zero   RW          799    .bss.vApplicationGetTimerTaskMemory.xTimerTaskTCB  tasks.o
    0x20002b48        -       0x00000014   Zero   RW          881    .bss.xActiveTimerList1  timers.o
    0x20002b5c        -       0x00000014   Zero   RW          882    .bss.xActiveTimerList2  timers.o
    0x20002b70        -       0x00000004   Zero   RW           41    .bss.xControlTaskHandle  main.o
    0x20002b74        -       0x00000014   Zero   RW          801    .bss.xDelayedTaskList1  tasks.o
    0x20002b88        -       0x00000014   Zero   RW          802    .bss.xDelayedTaskList2  tasks.o
    0x20002b9c        -       0x00000004   Zero   RW           33    .bss.xDriverDown    main.o
    0x20002ba0        -       0x00000004   Zero   RW           32    .bss.xDriverUp      main.o
    0x20002ba4        -       0x00000004   Zero   RW           42    .bss.xDriverUpHandle  main.o
    0x20002ba8        -       0x00000004   Zero   RW          531    .bss.xFreeBytesRemaining  heap_4.o
    0x20002bac        -       0x00000004   Zero   RW          793    .bss.xIdleTaskHandles  tasks.o
    0x20002bb0        -       0x00000004   Zero   RW           36    .bss.xJamming       main.o
    0x20002bb4        -       0x00000004   Zero   RW          533    .bss.xMinimumEverFreeBytesRemaining  heap_4.o
    0x20002bb8        -       0x00000004   Zero   RW          792    .bss.xNextTaskUnblockTime  tasks.o
    0x20002bbc        -       0x00000004   Zero   RW          796    .bss.xNumOfOverflows  tasks.o
    0x20002bc0        -       0x00000004   Zero   RW          534    .bss.xNumberOfSuccessfulAllocations  heap_4.o
    0x20002bc4        -       0x00000004   Zero   RW          535    .bss.xNumberOfSuccessfulFrees  heap_4.o
    0x20002bc8        -       0x00000004   Zero   RW           35    .bss.xPassengerDown  main.o
    0x20002bcc        -       0x00000004   Zero   RW           38    .bss.xPassengerDownAuto  main.o
    0x20002bd0        -       0x00000004   Zero   RW           34    .bss.xPassengerUp   main.o
    0x20002bd4        -       0x00000004   Zero   RW           37    .bss.xPassengerUpAuto  main.o
    0x20002bd8        -       0x00000004   Zero   RW           43    .bss.xPassengerUpHandle  main.o
    0x20002bdc        -       0x00000004   Zero   RW          795    .bss.xPendedTicks   tasks.o
    0x20002be0        -       0x00000014   Zero   RW          786    .bss.xPendingReadyList  tasks.o
    0x20002bf4        -       0x00000004   Zero   RW           39    .bss.xQueue         main.o
    0x20002bf8        -       0x00000004   Zero   RW          779    .bss.xSchedulerRunning  tasks.o
    0x20002bfc        -       0x00000008   Zero   RW          532    .bss.xStart         heap_4.o
    0x20002c04        -       0x00000014   Zero   RW          787    .bss.xSuspendedTaskList  tasks.o
    0x20002c18        -       0x00000014   Zero   RW          780    .bss.xTasksWaitingTermination  tasks.o
    0x20002c2c        -       0x00000004   Zero   RW          783    .bss.xTickCount     tasks.o
    0x20002c30        -       0x00000004   Zero   RW          875    .bss.xTimerQueue    timers.o
    0x20002c34        -       0x00000004   Zero   RW          877    .bss.xTimerTaskHandle  timers.o
    0x20002c38        -       0x00000004   Zero   RW          791    .bss.xYieldPendings  tasks.o
    0x20002c3c   0x000072b0   0x00000004   PAD
    0x20002c40        -       0x00000000   Zero   RW          396    HEAP                startup_tm4c123.o
    0x20002c40        -       0x00000200   Zero   RW          395    STACK               startup_tm4c123.o


==============================================================================

Image component sizes


      Code (inc. data)   RO Data    RW Data    ZI Data      Debug   Object Name

       422          0          0          0        420       4320   clib_os.o
        30          0          0          0          0      29726   cmsis_os2.o
      7054         92         13          0          0       6344   gpio.o
       612          0          0          0          0       1563   hal.o
       950          0          0          0       8220       4701   heap_4.o
       620          0          0          0          0       8049   lcd_i2c.o
       238          0          0          0          0       2360   list.o
      4372         30        199          0         56       6405   main.o
       530         12          0          0          0       1243   mcal.o
       644         16          0          4          0       2965   port.o
      2710          0          0          0          0      14912   queue.o
       276         24        620          0        512       5520   startup_tm4c123.o
       268          0          0          4          0       6816   system_tm4c123.o
      6488          6          9          0       2296      27244   tasks.o
      1262         10          8          0        220      11258   timers.o

    ----------------------------------------------------------------------
     26612        190        884          8      11736     133426   Object Totals
         0          0         32          0          0          0   (incl. Generated)
       136          0          3          0         12          0   (incl. Padding)

    ----------------------------------------------------------------------

      Code (inc. data)   RO Data    RW Data    ZI Data      Debug   Library Member Name

         8          0          0          0          0         68   __main.o
         0          0          0          0          0          0   __rtentry.o
        20          0          0          0          0          0   __rtentry2.o
         6          0          0          0          0          0   __rtentry4.o
        52          8          0          0          0          0   __scatter.o
        26          0          0          0          0          0   __scatter_copy.o
        28          0          0          0          0          0   __scatter_zi.o
        22          0          0          0          0         80   abort.o
        16          0          0          0          0         68   aeabi_memset4.o
       128         42          0          0          0         76   assert.o
        20          0          0          0          0         76   assert_puts.o
        48         34          0          0          0         76   defsig_abrt_inner.o
        14          0          0          0          0         80   defsig_abrt_outer.o
        10          0          0          0          0         68   defsig_exit.o
        50          0          0          0          0         88   defsig_general.o
        18          0          0          0          0         80   exit.o
         6          0          0          0          0        152   heapauxi.o
         0          0          0          0          0          0   indicate_semi.o
         2          0          0          0          0          0   libinit.o
         6          0          0          0          0          0   libinit2.o
         2          0          0          0          0          0   libshutdown.o
         2          0          0          0          0          0   libshutdown2.o
         8          4          0          0         96         68   libspace.o
        68          0          0          0          0         68   rt_memclr.o
        78          0          0          0          0         80   rt_memclr_w.o
       138          0          0          0          0         68   rt_memcpy_v6.o
       100          0          0          0          0         80   rt_memcpy_w.o
         2          0          0          0          0          0   rtexit.o
        10          0          0          0          0          0   rtexit2.o
        12          4          0          0          0         68   sys_exit.o
        74          0          0          0          0         80   sys_stackheap_outer.o
        14          0          0          0          0         76   sys_wrch.o
         2          0          0          0          0         68   use_no_semi.o
        94          4          0          0          0        140   dfix.o
       340         12          0          0          0        152   dmul.o
       156          4          0          0          0        140   dnaninf.o
        12          0          0          0          0        116   dretinf.o
        86          4          0          0          0        132   f2d.o
       140          4          0          0          0        132   fnaninf.o
        26          0          0          0          0        116   fpinit.o
         0          0          0          0          0          0   usenofp.o

    ----------------------------------------------------------------------
      1856        120          0          0         96       2496   Library Totals
        12          0          0          0          0          0   (incl. Padding)

    ----------------------------------------------------------------------

      Code (inc. data)   RO Data    RW Data    ZI Data      Debug   Library Name

       990         92          0          0         96       1568   c_w.l
       854         28          0          0          0        928   fz_wm.l

    ----------------------------------------------------------------------
      1856        120          0          0         96       2496   Library Totals

    ----------------------------------------------------------------------

==============================================================================


      Code (inc. data)   RO Data    RW Data    ZI Data      Debug   

     28468        310        884          8      11832     134230   Grand Totals
     28468        310        884          8      11832     134230   ELF Image Totals
     28468        310        884          8          0          0   ROM Totals

==============================================================================

    Total RO  Size (Code + RO Data)                29352 (  28.66kB)
    Total RW  Size (RW Data + ZI Data)             11840 (  11.56kB)
    Total ROM Size (Code + RO Data + RW Data)      29360 (  28.67kB)

==============================================================================

